MPLINK 4.48, Linker
Linker Map File - Created Mon Jun 08 10:52:09 2015

                                 Section Info
                  Section       Type    Address   Location Size(Bytes)
                ---------  ---------  ---------  ---------  ---------
               _entry_scn       code   0x000000    program   0x000006
           .code___init.o       code   0x000006    program   0x000002
              high_vector       code   0x000008    program   0x000028
              D1KTCYXCODE       code   0x000030    program   0x000020
                   .cinit    romdata   0x000050    program   0x00007a
              .code_app.o       code   0x0000ca    program   0x00065c
    .code_communication.o       code   0x000726    program   0x000422
     .code_digitdisplay.o       code   0x000b48    program   0x000420
      .code_uart_driver.o       code   0x000f68    program   0x0002ce
            .code_timer.o       code   0x001236    program   0x000210
          .code_adc_ide.o       code   0x001446    program   0x00014c
             .code_main.o       code   0x001592    program   0x0000ec
               _cinit_scn       code   0x00167e    program   0x00009e
            .code_uopen.o       code   0x00171c    program   0x00008a
          .code_fxm3232.o       code   0x0017a6    program   0x000070
          .code_adcopen.o       code   0x001816    program   0x00006e
          .code_write_B.o       code   0x001884    program   0x000066
           .code_read_B.o       code   0x0018ea    program   0x000044
           .code_t1open.o       code   0x00192e    program   0x000042
            .code_uread.o       code   0x001970    program   0x00003e
          .code_t1write.o       code   0x0019ae    program   0x000038
          .code_t0write.o       code   0x0019e6    program   0x000038
           .code_t0open.o       code   0x001a1e    program   0x000038
         .code_adcsetch.o       code   0x001a56    program   0x00002e
         .code_fxd1616u.o       code   0x001a84    program   0x00002c
            .code_board.o       code   0x001ab0    program   0x00002c
                    .code       code   0x001adc    program   0x000020
             _startup_scn       code   0x001afc    program   0x00001c
        .code_heartBeat.o       code   0x001b18    program   0x00001a
              D10TCYXCODE       code   0x001b32    program   0x000016
          .code_adcread.o       code   0x001b48    program   0x000012
         .code_busy_eep.o       code   0x001b5a    program   0x000006
 .romdata_communication.o    romdata   0x001b60    program   0x000005
         .idata_uread.o_i    romdata   0x001b65    program   0x000000
       .romdata_adcread.o    romdata   0x001b65    program   0x000000
        .romdata_read_B.o    romdata   0x001b65    program   0x000000
        .romdata_t1open.o    romdata   0x001b65    program   0x000000
      .romdata_busy_eep.o    romdata   0x001b65    program   0x000000
        .idata_t1open.o_i    romdata   0x001b65    program   0x000000
        .romdata_t0open.o    romdata   0x001b65    program   0x000000
        .idata_read_B.o_i    romdata   0x001b65    program   0x000000
       .romdata_adcconv.o    romdata   0x001b65    program   0x000000
        .idata_t0open.o_i    romdata   0x001b65    program   0x000000
         .idata_uopen.o_i    romdata   0x001b65    program   0x000000
       .romdata_adcopen.o    romdata   0x001b65    program   0x000000
      .romdata_fxd1616u.o    romdata   0x001b65    program   0x000000
         .romdata_uopen.o    romdata   0x001b65    program   0x000000
         .romdata_uread.o    romdata   0x001b65    program   0x000000
       .romdata_fxm3232.o    romdata   0x001b65    program   0x000000
         .romdata_c018i.o    romdata   0x001b65    program   0x000000
        .romdata___init.o    romdata   0x001b65    program   0x000000
       .romdata_adc_ide.o    romdata   0x001b65    program   0x000000
           .romdata_app.o    romdata   0x001b65    program   0x000000
       .romdata_write_B.o    romdata   0x001b65    program   0x000000
         .romdata_board.o    romdata   0x001b65    program   0x000000
             .stringtable    romdata   0x001b65    program   0x000000
  .romdata_digitdisplay.o    romdata   0x001b65    program   0x000000
     .idata_heartBeat.o_i    romdata   0x001b65    program   0x000001
     .romdata_heartBeat.o    romdata   0x001b65    program   0x000000
.idata_interruptvector.o_i    romdata   0x001b65    program   0x000000
.romdata_interruptvector.o    romdata   0x001b65    program   0x000000
       .idata_write_B.o_i    romdata   0x001b65    program   0x000000
          .romdata_main.o    romdata   0x001b65    program   0x000000
   .romdata_uart_driver.o    romdata   0x001b65    program   0x000000
   .idata_uart_driver.o_i    romdata   0x001b65    program   0x000000
         .romdata_timer.o    romdata   0x001b65    program   0x000000
      .romdata_adcsetch.o    romdata   0x001b65    program   0x000000
         .idata_udefs.o_i    romdata   0x001b65    program   0x000000
         .romdata_udefs.o    romdata   0x001b65    program   0x000000
       .idata_t0write.o_i    romdata   0x001b65    program   0x000000
       .romdata_t0write.o    romdata   0x001b65    program   0x000000
       .idata_t1write.o_i    romdata   0x001b65    program   0x000000
       .romdata_t1write.o    romdata   0x001b65    program   0x000000
          .code_adcconv.o       code   0x001b66    program   0x000004
               uartdata_i    romdata   0x001b6a    program   0x00007e
               com_data_i    romdata   0x001be8    program   0x00008c
           DISPLAY_DATA_i    romdata   0x001c74    program   0x000019
         .idata_timer.o_i    romdata   0x001c8d    program   0x00000e
          .idata_main.o_i    romdata   0x001c9b    program   0x000014
  .idata_digitdisplay.o_i    romdata   0x001caf    program   0x00000b
      .idata_fxd1616u.o_i    romdata   0x001caf    program   0x000000
       .idata_fxm3232.o_i    romdata   0x001caf    program   0x000000
 .idata_communication.o_i    romdata   0x001cba    program   0x000002
         .idata_c018i.o_i    romdata   0x001cbc    program   0x000000
           .idata_app.o_i    romdata   0x001cbc    program   0x000024
      .idata_busy_eep.o_i    romdata   0x001cbc    program   0x000000
         .idata_board.o_i    romdata   0x001cbc    program   0x000000
       .idata_adc_ide.o_i    romdata   0x001ce0    program   0x00000b
       .idata_adcread.o_i    romdata   0x001ce0    program   0x000000
       .idata_adcopen.o_i    romdata   0x001ce0    program   0x000000
       .idata_adcconv.o_i    romdata   0x001ce0    program   0x000000
      .idata_adcsetch.o_i    romdata   0x001ce0    program   0x000000
        .idata___init.o_i    romdata   0x001ceb    program   0x000000
            .code_udefs.o       code   0x001cec    program   0x000000
  .code_interruptvector.o       code   0x001cec    program   0x000000
            .code_c018i.o       code   0x001cec    program   0x000000
    .config_300001_main.o    romdata   0x300001    program   0x000001
    .config_300002_main.o    romdata   0x300002    program   0x000001
    .config_300003_main.o    romdata   0x300003    program   0x000001
    .config_300005_main.o    romdata   0x300005    program   0x000001
    .config_300006_main.o    romdata   0x300006    program   0x000001
    .config_300008_main.o    romdata   0x300008    program   0x000001
    .config_300009_main.o    romdata   0x300009    program   0x000001
    .config_30000a_main.o    romdata   0x30000a    program   0x000001
    .config_30000b_main.o    romdata   0x30000b    program   0x000001
    .config_30000c_main.o    romdata   0x30000c    program   0x000001
    .config_30000d_main.o    romdata   0x30000d    program   0x000001
                MATH_DATA      udata   0x000000       data   0x000010
                 .tmpdata      udata   0x000010       data   0x000004
                DELAYDAT1      udata   0x000014       data   0x000001
                   .stack      udata   0x000080       data   0x000080
                 com_data      idata   0x000100       data   0x00008c
             .idata_app.o      idata   0x00018c       data   0x000024
             DISPLAY_DATA      idata   0x0001b0       data   0x000019
            .idata_main.o      idata   0x0001c9       data   0x000014
           .idata_timer.o      idata   0x0001dd       data   0x00000e
    .idata_digitdisplay.o      idata   0x0001eb       data   0x00000b
           .udata_c018i.o      udata   0x0001f6       data   0x00000a
                 uartdata      idata   0x000200       data   0x00007e
         .idata_adc_ide.o      idata   0x00027e       data   0x00000b
   .idata_communication.o      idata   0x000289       data   0x000002
           .udata_udefs.o      udata   0x00028b       data   0x000001
           .udata_board.o      udata   0x00028c       data   0x000001
       .idata_heartBeat.o      idata   0x00028d       data   0x000001
          .idata_t0open.o      idata   0x00028e       data   0x000000
          .udata_t1open.o      udata   0x00028e       data   0x000000
          .idata_t1open.o      idata   0x00028e       data   0x000000
           .udata_uopen.o      udata   0x00028e       data   0x000000
           .idata_uopen.o      idata   0x00028e       data   0x000000
         .udata_adcread.o      udata   0x00028e       data   0x000000
         .idata_adcread.o      idata   0x00028e       data   0x000000
           .udata_uread.o      udata   0x00028e       data   0x000000
           .idata_uread.o      idata   0x00028e       data   0x000000
          .udata_read_B.o      udata   0x00028e       data   0x000000
          .idata_read_B.o      idata   0x00028e       data   0x000000
         .idata_write_B.o      idata   0x00028e       data   0x000000
        .udata_adcsetch.o      udata   0x00028e       data   0x000000
        .idata_adcsetch.o      idata   0x00028e       data   0x000000
         .udata_write_B.o      udata   0x00028e       data   0x000000
          .udata___init.o      udata   0x00028e       data   0x000000
          .idata___init.o      idata   0x00028e       data   0x000000
           .idata_udefs.o      idata   0x00028e       data   0x000000
         .udata_t0write.o      udata   0x00028e       data   0x000000
         .idata_t0write.o      idata   0x00028e       data   0x000000
         .udata_t1write.o      udata   0x00028e       data   0x000000
         .idata_t1write.o      idata   0x00028e       data   0x000000
           .idata_c018i.o      idata   0x00028e       data   0x000000
         .udata_adc_ide.o      udata   0x00028e       data   0x000000
             .udata_app.o      udata   0x00028e       data   0x000000
           .idata_board.o      idata   0x00028e       data   0x000000
   .udata_communication.o      udata   0x00028e       data   0x000000
    .udata_digitdisplay.o      udata   0x00028e       data   0x000000
       .udata_heartBeat.o      udata   0x00028e       data   0x000000
 .udata_interruptvector.o      udata   0x00028e       data   0x000000
 .idata_interruptvector.o      idata   0x00028e       data   0x000000
            .udata_main.o      udata   0x00028e       data   0x000000
           .udata_timer.o      udata   0x00028e       data   0x000000
     .udata_uart_driver.o      udata   0x00028e       data   0x000000
     .idata_uart_driver.o      idata   0x00028e       data   0x000000
        .udata_busy_eep.o      udata   0x00028e       data   0x000000
        .idata_busy_eep.o      idata   0x00028e       data   0x000000
         .udata_adcconv.o      udata   0x00028e       data   0x000000
         .idata_adcconv.o      idata   0x00028e       data   0x000000
        .udata_fxd1616u.o      udata   0x00028e       data   0x000000
        .idata_fxd1616u.o      idata   0x00028e       data   0x000000
         .udata_fxm3232.o      udata   0x00028e       data   0x000000
         .idata_fxm3232.o      idata   0x00028e       data   0x000000
         .udata_adcopen.o      udata   0x00028e       data   0x000000
         .idata_adcopen.o      idata   0x00028e       data   0x000000
          .udata_t0open.o      udata   0x00028e       data   0x000000
            SFR_UNBANKED0      udata   0x000f80       data   0x000080



                              Program Memory Usage 
                               Start         End      
                           ---------   ---------      
                            0x000000    0x001cea      
                            0x300001    0x300003      
                            0x300005    0x300006      
                            0x300008    0x30000d      
            7414 out of 33048 program addresses used, program memory utilization is 22%



                              Symbols - Sorted by Name
                     Name    Address   Location    Storage File                     
                ---------  ---------  ---------  --------- ---------                
            ADC_getResult   0x00152c    program     extern C:\Users\IDEONICS-BNG\Documents\GitHub\TempHumidityDisplay\Temp_Humidity_NoSwitch\adc_ide.c
                 ADC_init   0x001446    program     extern C:\Users\IDEONICS-BNG\Documents\GitHub\TempHumidityDisplay\Temp_Humidity_NoSwitch\adc_ide.c
            ADC_interrupt   0x00157c    program     extern C:\Users\IDEONICS-BNG\Documents\GitHub\TempHumidityDisplay\Temp_Humidity_NoSwitch\adc_ide.c
                 ADC_task   0x001464    program     extern C:\Users\IDEONICS-BNG\Documents\GitHub\TempHumidityDisplay\Temp_Humidity_NoSwitch\adc_ide.c
          APP_comCallBack   0x0004e6    program     extern C:\Users\IDEONICS-BNG\Documents\GitHub\TempHumidityDisplay\Temp_Humidity_NoSwitch\app.c
                 BRD_init   0x001ab0    program     extern C:\Users\IDEONICS-BNG\Documents\GitHub\TempHumidityDisplay\Temp_Humidity_NoSwitch\board.c
                 Busy_eep   0x001b5a    program     extern E:\c18v3.46\pic18-lt\cxx-framework\src\pmc_common\EEP\busy_eep.c
                 COM_init   0x000726    program     extern C:\Users\IDEONICS-BNG\Documents\GitHub\TempHumidityDisplay\Temp_Humidity_NoSwitch\communication.c
                COM_reset   0x0007ae    program     extern C:\Users\IDEONICS-BNG\Documents\GitHub\TempHumidityDisplay\Temp_Humidity_NoSwitch\communication.c
                 COM_task   0x0007d4    program     extern C:\Users\IDEONICS-BNG\Documents\GitHub\TempHumidityDisplay\Temp_Humidity_NoSwitch\communication.c
               COM_txData   0x000a00    program     extern C:\Users\IDEONICS-BNG\Documents\GitHub\TempHumidityDisplay\Temp_Humidity_NoSwitch\communication.c
                COM_txStr   0x000a94    program     extern C:\Users\IDEONICS-BNG\Documents\GitHub\TempHumidityDisplay\Temp_Humidity_NoSwitch\communication.c
               ConvertADC   0x001b66    program     extern E:\c18v3.46\pic18-lt\cxx-framework\src\pmc_common\ADC\adcconv.c
                    D10_1   0x001b42    program     static E:\c18v3.46\pic18-lt\cxx-framework\src\traditional\delays\d10tcyx.asm
                     D10x   0x001b3a    program     static E:\c18v3.46\pic18-lt\cxx-framework\src\traditional\delays\d10tcyx.asm
                    D1K_1   0x00003c    program     static E:\c18v3.46\pic18-lt\cxx-framework\src\traditional\delays\d1ktcyx.asm
                     D1Kx   0x00003a    program     static E:\c18v3.46\pic18-lt\cxx-framework\src\traditional\delays\d1ktcyx.asm
              Delay10TCYx   0x001b32    program     extern E:\c18v3.46\pic18-lt\cxx-framework\src\traditional\delays\d10tcyx.asm
              Delay1KTCYx   0x000030    program     extern E:\c18v3.46\pic18-lt\cxx-framework\src\traditional\delays\d1ktcyx.asm
    DigitDisplay_blinkOff   0x000e96    program     extern C:\Users\IDEONICS-BNG\Documents\GitHub\TempHumidityDisplay\Temp_Humidity_NoSwitch\digitdisplay.c
     DigitDisplay_blinkOn   0x000e5e    program     extern C:\Users\IDEONICS-BNG\Documents\GitHub\TempHumidityDisplay\Temp_Humidity_NoSwitch\digitdisplay.c
       DigitDisplay_clear   0x000ea4    program     extern C:\Users\IDEONICS-BNG\Documents\GitHub\TempHumidityDisplay\Temp_Humidity_NoSwitch\digitdisplay.c
        DigitDisplay_init   0x000b48    program     extern C:\Users\IDEONICS-BNG\Documents\GitHub\TempHumidityDisplay\Temp_Humidity_NoSwitch\digitdisplay.c
        DigitDisplay_task   0x000c40    program     extern C:\Users\IDEONICS-BNG\Documents\GitHub\TempHumidityDisplay\Temp_Humidity_NoSwitch\digitdisplay.c
DigitDisplay_updateBuffer   0x000cc4    program     extern C:\Users\IDEONICS-BNG\Documents\GitHub\TempHumidityDisplay\Temp_Humidity_NoSwitch\digitdisplay.c
DigitDisplay_updateBufferBinary   0x000d8c    program     extern C:\Users\IDEONICS-BNG\Documents\GitHub\TempHumidityDisplay\Temp_Humidity_NoSwitch\digitdisplay.c
 DigitDisplay_updateDigit   0x000de0    program     extern C:\Users\IDEONICS-BNG\Documents\GitHub\TempHumidityDisplay\Temp_Humidity_NoSwitch\digitdisplay.c
         EnableInterrupts   0x00002a    program     extern C:\Users\IDEONICS-BNG\Documents\GitHub\TempHumidityDisplay\Temp_Humidity_NoSwitch\interruptvector.c
                 FXD1616U   0x001a84    program     extern E:\c18v3.46\pic18-lt\cxx-framework\src\traditional\math\fxd1616u.c
                  FXM3232   0x0017a6    program     extern E:\c18v3.46\pic18-lt\cxx-framework\src\traditional\math\fxm3232.c
                  HB_init   0x001b18    program     extern C:\Users\IDEONICS-BNG\Documents\GitHub\TempHumidityDisplay\Temp_Humidity_NoSwitch\heartBeat.c
                  HB_task   0x001b1e    program     extern C:\Users\IDEONICS-BNG\Documents\GitHub\TempHumidityDisplay\Temp_Humidity_NoSwitch\heartBeat.c
                  OpenADC   0x001816    program     extern E:\c18v3.46\pic18-lt\cxx-framework\src\pmc_common\ADC\adcopen.c
               OpenTimer0   0x001a1e    program     extern E:\c18v3.46\pic18-lt\cxx-framework\src\pmc_common\Timers\t0open.c
               OpenTimer1   0x00192e    program     extern E:\c18v3.46\pic18-lt\cxx-framework\src\pmc_common\Timers\t1open.c
                OpenUSART   0x00171c    program     extern E:\c18v3.46\pic18-lt\cxx-framework\src\pmc_common\USART\uopen.c
                  ReadADC   0x001b48    program     extern E:\c18v3.46\pic18-lt\cxx-framework\src\pmc_common\ADC\adcread.c
                ReadUSART   0x001970    program     extern E:\c18v3.46\pic18-lt\cxx-framework\src\pmc_common\USART\uread.c
               Read_b_eep   0x0018ea    program     extern E:\c18v3.46\pic18-lt\cxx-framework\src\pmc_common\EEP\read_B.c
               SetChanADC   0x001a56    program     extern E:\c18v3.46\pic18-lt\cxx-framework\src\pmc_common\ADC\adcsetch.c
                 TMR0_ISR   0x001236    program     extern C:\Users\IDEONICS-BNG\Documents\GitHub\TempHumidityDisplay\Temp_Humidity_NoSwitch\timer.c
                TMR0_init   0x0013b8    program     extern C:\Users\IDEONICS-BNG\Documents\GitHub\TempHumidityDisplay\Temp_Humidity_NoSwitch\timer.c
                 TMR1_ISR   0x0012fe    program     extern C:\Users\IDEONICS-BNG\Documents\GitHub\TempHumidityDisplay\Temp_Humidity_NoSwitch\timer.c
                TMR1_init   0x0013fe    program     extern C:\Users\IDEONICS-BNG\Documents\GitHub\TempHumidityDisplay\Temp_Humidity_NoSwitch\timer.c
             UART_hasData   0x0011b0    program     extern C:\Users\IDEONICS-BNG\Documents\GitHub\TempHumidityDisplay\Temp_Humidity_NoSwitch\uart_driver.c
                UART_init   0x0010aa    program     extern C:\Users\IDEONICS-BNG\Documents\GitHub\TempHumidityDisplay\Temp_Humidity_NoSwitch\uart_driver.c
                UART_read   0x0011e8    program     extern C:\Users\IDEONICS-BNG\Documents\GitHub\TempHumidityDisplay\Temp_Humidity_NoSwitch\uart_driver.c
            UART_transmit   0x001116    program     extern C:\Users\IDEONICS-BNG\Documents\GitHub\TempHumidityDisplay\Temp_Humidity_NoSwitch\uart_driver.c
               UART_write   0x0010e0    program     extern C:\Users\IDEONICS-BNG\Documents\GitHub\TempHumidityDisplay\Temp_Humidity_NoSwitch\uart_driver.c
       UartReceiveHandler   0x000f68    program     extern C:\Users\IDEONICS-BNG\Documents\GitHub\TempHumidityDisplay\Temp_Humidity_NoSwitch\uart_driver.c
      UartTransmitHandler   0x001030    program     extern C:\Users\IDEONICS-BNG\Documents\GitHub\TempHumidityDisplay\Temp_Humidity_NoSwitch\uart_driver.c
              WriteTimer0   0x0019e6    program     extern E:\c18v3.46\pic18-lt\cxx-framework\src\pmc_common\Timers\t0write.c
              WriteTimer1   0x0019ae    program     extern E:\c18v3.46\pic18-lt\cxx-framework\src\pmc_common\Timers\t1write.c
              Write_b_eep   0x001884    program     extern E:\c18v3.46\pic18-lt\cxx-framework\src\pmc_common\EEP\write_B.c
        _D10TCYXCODE_000A   0x001b3c    program     static E:\c18v3.46\pic18-lt\cxx-framework\src\traditional\delays\d10tcyx.asm
        _D10TCYXCODE_000C   0x001b3e    program     static E:\c18v3.46\pic18-lt\cxx-framework\src\traditional\delays\d10tcyx.asm
        _D10TCYXCODE_000E   0x001b40    program     static E:\c18v3.46\pic18-lt\cxx-framework\src\traditional\delays\d10tcyx.asm
        _D1KTCYXCODE_0010   0x000040    program     static E:\c18v3.46\pic18-lt\cxx-framework\src\traditional\delays\d1ktcyx.asm
        _D1KTCYXCODE_0016   0x000046    program     static E:\c18v3.46\pic18-lt\cxx-framework\src\traditional\delays\d1ktcyx.asm
          ___for_lbl00038   0x000a60    program     static                          
          ___for_lbl00039   0x000a66    program     static                          
          ___for_lbl00040   0x000a36    program     static                          
           ___if_lbl00001   0x000010    program     static                          
           ___if_lbl00002   0x000018    program     static                          
           ___if_lbl00003   0x000020    program     static                          
           ___if_lbl00003   0x001630    program     static                          
           ___if_lbl00004   0x000028    program     static                          
           ___if_lbl00004   0x00164c    program     static                          
           ___if_lbl00005   0x001662    program     static                          
       ___return_lbl00000   0x00166a    program     static                          
       ___return_lbl00000   0x001814    program     static                          
       ___return_lbl00000   0x000028    program     static                          
       ___return_lbl00000   0x001aae    program     static                          
       ___return_lbl00000   0x000004    program     static                          
       ___return_lbl00000   0x001922    program     static                          
       ___return_lbl00001   0x001b16    program     static                          
       ___return_lbl00002   0x00171a    program     static                          
       ___return_lbl00037   0x000a80    program     static                          
        ___while_lbl00001   0x00161a    program     static                          
        ___while_lbl00002   0x00166a    program     static                          
               __config_0   0x300001    program     static C:\Users\IDEONICS-BNG\Documents\GitHub\TempHumidityDisplay\Temp_Humidity_NoSwitch\main.c
               __config_1   0x300002    program     static C:\Users\IDEONICS-BNG\Documents\GitHub\TempHumidityDisplay\Temp_Humidity_NoSwitch\main.c
              __config_10   0x30000d    program     static C:\Users\IDEONICS-BNG\Documents\GitHub\TempHumidityDisplay\Temp_Humidity_NoSwitch\main.c
               __config_2   0x300003    program     static C:\Users\IDEONICS-BNG\Documents\GitHub\TempHumidityDisplay\Temp_Humidity_NoSwitch\main.c
               __config_3   0x300005    program     static C:\Users\IDEONICS-BNG\Documents\GitHub\TempHumidityDisplay\Temp_Humidity_NoSwitch\main.c
               __config_4   0x300006    program     static C:\Users\IDEONICS-BNG\Documents\GitHub\TempHumidityDisplay\Temp_Humidity_NoSwitch\main.c
               __config_5   0x300008    program     static C:\Users\IDEONICS-BNG\Documents\GitHub\TempHumidityDisplay\Temp_Humidity_NoSwitch\main.c
               __config_6   0x300009    program     static C:\Users\IDEONICS-BNG\Documents\GitHub\TempHumidityDisplay\Temp_Humidity_NoSwitch\main.c
               __config_7   0x30000a    program     static C:\Users\IDEONICS-BNG\Documents\GitHub\TempHumidityDisplay\Temp_Humidity_NoSwitch\main.c
               __config_8   0x30000b    program     static C:\Users\IDEONICS-BNG\Documents\GitHub\TempHumidityDisplay\Temp_Humidity_NoSwitch\main.c
               __config_9   0x30000c    program     static C:\Users\IDEONICS-BNG\Documents\GitHub\TempHumidityDisplay\Temp_Humidity_NoSwitch\main.c
                   __init   0x000006    program     extern E:\c18v3.46\pic18-lt\cxx-framework\src\traditional\stdclib\__init.c
            __zero_memory   0x001adc    program     extern E:\c18v3.46\pic18-lt\cxx-framework\src\traditional\proc\p18f4520.asm
                _do_cinit   0x00167e    program     extern E:\c18v3.46\pic18-lt\cxx-framework\src\traditional\startup\c018i.c
                   _entry   0x000000    program     extern E:\c18v3.46\pic18-lt\cxx-framework\src\traditional\startup\c018i.c
                 _startup   0x001afc    program     extern E:\c18v3.46\pic18-lt\cxx-framework\src\traditional\startup\c018i.c
                    alert   0x001b60    program     extern C:\Users\IDEONICS-BNG\Documents\GitHub\TempHumidityDisplay\Temp_Humidity_NoSwitch\communication.c
                 app_init   0x0000ca    program     extern C:\Users\IDEONICS-BNG\Documents\GitHub\TempHumidityDisplay\Temp_Humidity_NoSwitch\app.c
                 app_task   0x0000d2    program     extern C:\Users\IDEONICS-BNG\Documents\GitHub\TempHumidityDisplay\Temp_Humidity_NoSwitch\app.c
                 checksum   0x000ae6    program     extern C:\Users\IDEONICS-BNG\Documents\GitHub\TempHumidityDisplay\Temp_Humidity_NoSwitch\communication.c
                compare_l   0x001af2    program     static E:\c18v3.46\pic18-lt\cxx-framework\src\traditional\proc\p18f4520.asm
               conversion   0x0001a6    program     extern C:\Users\IDEONICS-BNG\Documents\GitHub\TempHumidityDisplay\Temp_Humidity_NoSwitch\app.c
                copy_loop   0x0016f0    program     static                          
            copy_one_byte   0x0016f6    program     static                          
          countsToTempHum   0x0003ba    program     extern C:\Users\IDEONICS-BNG\Documents\GitHub\TempHumidityDisplay\Temp_Humidity_NoSwitch\app.c
                     done   0x00171a    program     static                          
             done_copying   0x001704    program     static                          
                  endloop   0x001aaa    program     static                          
           high_interrupt   0x000008    program     extern C:\Users\IDEONICS-BNG\Documents\GitHub\TempHumidityDisplay\Temp_Humidity_NoSwitch\interruptvector.c
                     loop   0x001a8e    program     static                          
                     loop   0x001b0c    program     static                          
                   loop_h   0x001aea    program     static E:\c18v3.46\pic18-lt\cxx-framework\src\traditional\proc\p18f4520.asm
                   loop_l   0x001af4    program     static E:\c18v3.46\pic18-lt\cxx-framework\src\traditional\proc\p18f4520.asm
                     main   0x001592    program     extern C:\Users\IDEONICS-BNG\Documents\GitHub\TempHumidityDisplay\Temp_Humidity_NoSwitch\main.c
              parsePacket   0x00096e    program     extern C:\Users\IDEONICS-BNG\Documents\GitHub\TempHumidityDisplay\Temp_Humidity_NoSwitch\communication.c
              read_eeprom   0x000626    program     extern C:\Users\IDEONICS-BNG\Documents\GitHub\TempHumidityDisplay\Temp_Humidity_NoSwitch\app.c
                     test   0x001698    program     static                          
                 validate   0x000f2c    program     static C:\Users\IDEONICS-BNG\Documents\GitHub\TempHumidityDisplay\Temp_Humidity_NoSwitch\digitdisplay.c
       writeToDisplayPort   0x000ed8    program     static C:\Users\IDEONICS-BNG\Documents\GitHub\TempHumidityDisplay\Temp_Humidity_NoSwitch\digitdisplay.c
               zero_block   0x001aea    program     static E:\c18v3.46\pic18-lt\cxx-framework\src\traditional\proc\p18f4520.asm
                   ADCON0   0x000fc2       data     extern E:\c18v3.46\pic18-lt\cxx-framework\src\traditional\proc\p18f4520.asm
               ADCON0bits   0x000fc2       data     extern E:\c18v3.46\pic18-lt\cxx-framework\src\traditional\proc\p18f4520.asm
                   ADCON1   0x000fc1       data     extern E:\c18v3.46\pic18-lt\cxx-framework\src\traditional\proc\p18f4520.asm
               ADCON1bits   0x000fc1       data     extern E:\c18v3.46\pic18-lt\cxx-framework\src\traditional\proc\p18f4520.asm
                   ADCON2   0x000fc0       data     extern E:\c18v3.46\pic18-lt\cxx-framework\src\traditional\proc\p18f4520.asm
               ADCON2bits   0x000fc0       data     extern E:\c18v3.46\pic18-lt\cxx-framework\src\traditional\proc\p18f4520.asm
                    ADRES   0x000fc3       data     extern E:\c18v3.46\pic18-lt\cxx-framework\src\traditional\proc\p18f4520.asm
                   ADRESH   0x000fc4       data     extern E:\c18v3.46\pic18-lt\cxx-framework\src\traditional\proc\p18f4520.asm
                   ADRESL   0x000fc3       data     extern E:\c18v3.46\pic18-lt\cxx-framework\src\traditional\proc\p18f4520.asm
                  BAUDCON   0x000fb8       data     extern E:\c18v3.46\pic18-lt\cxx-framework\src\traditional\proc\p18f4520.asm
              BAUDCONbits   0x000fb8       data     extern E:\c18v3.46\pic18-lt\cxx-framework\src\traditional\proc\p18f4520.asm
                  BAUDCTL   0x000fb8       data     extern E:\c18v3.46\pic18-lt\cxx-framework\src\traditional\proc\p18f4520.asm
              BAUDCTLbits   0x000fb8       data     extern E:\c18v3.46\pic18-lt\cxx-framework\src\traditional\proc\p18f4520.asm
                      BSR   0x000fe0       data     extern E:\c18v3.46\pic18-lt\cxx-framework\src\traditional\proc\p18f4520.asm
                  CCP1CON   0x000fbd       data     extern E:\c18v3.46\pic18-lt\cxx-framework\src\traditional\proc\p18f4520.asm
              CCP1CONbits   0x000fbd       data     extern E:\c18v3.46\pic18-lt\cxx-framework\src\traditional\proc\p18f4520.asm
                  CCP2CON   0x000fba       data     extern E:\c18v3.46\pic18-lt\cxx-framework\src\traditional\proc\p18f4520.asm
              CCP2CONbits   0x000fba       data     extern E:\c18v3.46\pic18-lt\cxx-framework\src\traditional\proc\p18f4520.asm
                    CCPR1   0x000fbe       data     extern E:\c18v3.46\pic18-lt\cxx-framework\src\traditional\proc\p18f4520.asm
                   CCPR1H   0x000fbf       data     extern E:\c18v3.46\pic18-lt\cxx-framework\src\traditional\proc\p18f4520.asm
                   CCPR1L   0x000fbe       data     extern E:\c18v3.46\pic18-lt\cxx-framework\src\traditional\proc\p18f4520.asm
                    CCPR2   0x000fbb       data     extern E:\c18v3.46\pic18-lt\cxx-framework\src\traditional\proc\p18f4520.asm
                   CCPR2H   0x000fbc       data     extern E:\c18v3.46\pic18-lt\cxx-framework\src\traditional\proc\p18f4520.asm
                   CCPR2L   0x000fbb       data     extern E:\c18v3.46\pic18-lt\cxx-framework\src\traditional\proc\p18f4520.asm
                    CMCON   0x000fb4       data     extern E:\c18v3.46\pic18-lt\cxx-framework\src\traditional\proc\p18f4520.asm
                CMCONbits   0x000fb4       data     extern E:\c18v3.46\pic18-lt\cxx-framework\src\traditional\proc\p18f4520.asm
                   CVRCON   0x000fb5       data     extern E:\c18v3.46\pic18-lt\cxx-framework\src\traditional\proc\p18f4520.asm
               CVRCONbits   0x000fb5       data     extern E:\c18v3.46\pic18-lt\cxx-framework\src\traditional\proc\p18f4520.asm
                     DDRA   0x000f92       data     extern E:\c18v3.46\pic18-lt\cxx-framework\src\traditional\proc\p18f4520.asm
                 DDRAbits   0x000f92       data     extern E:\c18v3.46\pic18-lt\cxx-framework\src\traditional\proc\p18f4520.asm
                     DDRB   0x000f93       data     extern E:\c18v3.46\pic18-lt\cxx-framework\src\traditional\proc\p18f4520.asm
                 DDRBbits   0x000f93       data     extern E:\c18v3.46\pic18-lt\cxx-framework\src\traditional\proc\p18f4520.asm
                     DDRC   0x000f94       data     extern E:\c18v3.46\pic18-lt\cxx-framework\src\traditional\proc\p18f4520.asm
                 DDRCbits   0x000f94       data     extern E:\c18v3.46\pic18-lt\cxx-framework\src\traditional\proc\p18f4520.asm
                     DDRD   0x000f95       data     extern E:\c18v3.46\pic18-lt\cxx-framework\src\traditional\proc\p18f4520.asm
                 DDRDbits   0x000f95       data     extern E:\c18v3.46\pic18-lt\cxx-framework\src\traditional\proc\p18f4520.asm
                     DDRE   0x000f96       data     extern E:\c18v3.46\pic18-lt\cxx-framework\src\traditional\proc\p18f4520.asm
                 DDREbits   0x000f96       data     extern E:\c18v3.46\pic18-lt\cxx-framework\src\traditional\proc\p18f4520.asm
            DelayCounter1   0x000014       data     extern E:\c18v3.46\pic18-lt\cxx-framework\src\traditional\delays\delayd1.asm
                  ECCP1AS   0x000fb6       data     extern E:\c18v3.46\pic18-lt\cxx-framework\src\traditional\proc\p18f4520.asm
              ECCP1ASbits   0x000fb6       data     extern E:\c18v3.46\pic18-lt\cxx-framework\src\traditional\proc\p18f4520.asm
                 ECCP1DEL   0x000fb7       data     extern E:\c18v3.46\pic18-lt\cxx-framework\src\traditional\proc\p18f4520.asm
             ECCP1DELbits   0x000fb7       data     extern E:\c18v3.46\pic18-lt\cxx-framework\src\traditional\proc\p18f4520.asm
                   ECCPAS   0x000fb6       data     extern E:\c18v3.46\pic18-lt\cxx-framework\src\traditional\proc\p18f4520.asm
               ECCPASbits   0x000fb6       data     extern E:\c18v3.46\pic18-lt\cxx-framework\src\traditional\proc\p18f4520.asm
                    EEADR   0x000fa9       data     extern E:\c18v3.46\pic18-lt\cxx-framework\src\traditional\proc\p18f4520.asm
                   EECON1   0x000fa6       data     extern E:\c18v3.46\pic18-lt\cxx-framework\src\traditional\proc\p18f4520.asm
               EECON1bits   0x000fa6       data     extern E:\c18v3.46\pic18-lt\cxx-framework\src\traditional\proc\p18f4520.asm
                   EECON2   0x000fa7       data     extern E:\c18v3.46\pic18-lt\cxx-framework\src\traditional\proc\p18f4520.asm
                   EEDATA   0x000fa8       data     extern E:\c18v3.46\pic18-lt\cxx-framework\src\traditional\proc\p18f4520.asm
                     FSR0   0x000fe9       data     extern E:\c18v3.46\pic18-lt\cxx-framework\src\traditional\proc\p18f4520.asm
                    FSR0H   0x000fea       data     extern E:\c18v3.46\pic18-lt\cxx-framework\src\traditional\proc\p18f4520.asm
                    FSR0L   0x000fe9       data     extern E:\c18v3.46\pic18-lt\cxx-framework\src\traditional\proc\p18f4520.asm
                     FSR1   0x000fe1       data     extern E:\c18v3.46\pic18-lt\cxx-framework\src\traditional\proc\p18f4520.asm
                    FSR1H   0x000fe2       data     extern E:\c18v3.46\pic18-lt\cxx-framework\src\traditional\proc\p18f4520.asm
                    FSR1L   0x000fe1       data     extern E:\c18v3.46\pic18-lt\cxx-framework\src\traditional\proc\p18f4520.asm
                     FSR2   0x000fd9       data     extern E:\c18v3.46\pic18-lt\cxx-framework\src\traditional\proc\p18f4520.asm
                    FSR2H   0x000fda       data     extern E:\c18v3.46\pic18-lt\cxx-framework\src\traditional\proc\p18f4520.asm
                    FSR2L   0x000fd9       data     extern E:\c18v3.46\pic18-lt\cxx-framework\src\traditional\proc\p18f4520.asm
                  HLVDCON   0x000fd2       data     extern E:\c18v3.46\pic18-lt\cxx-framework\src\traditional\proc\p18f4520.asm
              HLVDCONbits   0x000fd2       data     extern E:\c18v3.46\pic18-lt\cxx-framework\src\traditional\proc\p18f4520.asm
                    INDF0   0x000fef       data     extern E:\c18v3.46\pic18-lt\cxx-framework\src\traditional\proc\p18f4520.asm
                    INDF1   0x000fe7       data     extern E:\c18v3.46\pic18-lt\cxx-framework\src\traditional\proc\p18f4520.asm
                    INDF2   0x000fdf       data     extern E:\c18v3.46\pic18-lt\cxx-framework\src\traditional\proc\p18f4520.asm
                   INTCON   0x000ff2       data     extern E:\c18v3.46\pic18-lt\cxx-framework\src\traditional\proc\p18f4520.asm
                  INTCON2   0x000ff1       data     extern E:\c18v3.46\pic18-lt\cxx-framework\src\traditional\proc\p18f4520.asm
              INTCON2bits   0x000ff1       data     extern E:\c18v3.46\pic18-lt\cxx-framework\src\traditional\proc\p18f4520.asm
                  INTCON3   0x000ff0       data     extern E:\c18v3.46\pic18-lt\cxx-framework\src\traditional\proc\p18f4520.asm
              INTCON3bits   0x000ff0       data     extern E:\c18v3.46\pic18-lt\cxx-framework\src\traditional\proc\p18f4520.asm
               INTCONbits   0x000ff2       data     extern E:\c18v3.46\pic18-lt\cxx-framework\src\traditional\proc\p18f4520.asm
                     IPR1   0x000f9f       data     extern E:\c18v3.46\pic18-lt\cxx-framework\src\traditional\proc\p18f4520.asm
                 IPR1bits   0x000f9f       data     extern E:\c18v3.46\pic18-lt\cxx-framework\src\traditional\proc\p18f4520.asm
                     IPR2   0x000fa2       data     extern E:\c18v3.46\pic18-lt\cxx-framework\src\traditional\proc\p18f4520.asm
                 IPR2bits   0x000fa2       data     extern E:\c18v3.46\pic18-lt\cxx-framework\src\traditional\proc\p18f4520.asm
                     LATA   0x000f89       data     extern E:\c18v3.46\pic18-lt\cxx-framework\src\traditional\proc\p18f4520.asm
                 LATAbits   0x000f89       data     extern E:\c18v3.46\pic18-lt\cxx-framework\src\traditional\proc\p18f4520.asm
                     LATB   0x000f8a       data     extern E:\c18v3.46\pic18-lt\cxx-framework\src\traditional\proc\p18f4520.asm
                 LATBbits   0x000f8a       data     extern E:\c18v3.46\pic18-lt\cxx-framework\src\traditional\proc\p18f4520.asm
                     LATC   0x000f8b       data     extern E:\c18v3.46\pic18-lt\cxx-framework\src\traditional\proc\p18f4520.asm
                 LATCbits   0x000f8b       data     extern E:\c18v3.46\pic18-lt\cxx-framework\src\traditional\proc\p18f4520.asm
                     LATD   0x000f8c       data     extern E:\c18v3.46\pic18-lt\cxx-framework\src\traditional\proc\p18f4520.asm
                 LATDbits   0x000f8c       data     extern E:\c18v3.46\pic18-lt\cxx-framework\src\traditional\proc\p18f4520.asm
                     LATE   0x000f8d       data     extern E:\c18v3.46\pic18-lt\cxx-framework\src\traditional\proc\p18f4520.asm
                 LATEbits   0x000f8d       data     extern E:\c18v3.46\pic18-lt\cxx-framework\src\traditional\proc\p18f4520.asm
                  LED_MAP   0x0001d2       data     extern C:\Users\IDEONICS-BNG\Documents\GitHub\TempHumidityDisplay\Temp_Humidity_NoSwitch\main.c
                   LVDCON   0x000fd2       data     extern E:\c18v3.46\pic18-lt\cxx-framework\src\traditional\proc\p18f4520.asm
               LVDCONbits   0x000fd2       data     extern E:\c18v3.46\pic18-lt\cxx-framework\src\traditional\proc\p18f4520.asm
                   OSCCON   0x000fd3       data     extern E:\c18v3.46\pic18-lt\cxx-framework\src\traditional\proc\p18f4520.asm
               OSCCONbits   0x000fd3       data     extern E:\c18v3.46\pic18-lt\cxx-framework\src\traditional\proc\p18f4520.asm
                  OSCTUNE   0x000f9b       data     extern E:\c18v3.46\pic18-lt\cxx-framework\src\traditional\proc\p18f4520.asm
              OSCTUNEbits   0x000f9b       data     extern E:\c18v3.46\pic18-lt\cxx-framework\src\traditional\proc\p18f4520.asm
                       PC   0x000ff9       data     extern E:\c18v3.46\pic18-lt\cxx-framework\src\traditional\proc\p18f4520.asm
                      PCL   0x000ff9       data     extern E:\c18v3.46\pic18-lt\cxx-framework\src\traditional\proc\p18f4520.asm
                   PCLATH   0x000ffa       data     extern E:\c18v3.46\pic18-lt\cxx-framework\src\traditional\proc\p18f4520.asm
                   PCLATU   0x000ffb       data     extern E:\c18v3.46\pic18-lt\cxx-framework\src\traditional\proc\p18f4520.asm
                     PIE1   0x000f9d       data     extern E:\c18v3.46\pic18-lt\cxx-framework\src\traditional\proc\p18f4520.asm
                 PIE1bits   0x000f9d       data     extern E:\c18v3.46\pic18-lt\cxx-framework\src\traditional\proc\p18f4520.asm
                     PIE2   0x000fa0       data     extern E:\c18v3.46\pic18-lt\cxx-framework\src\traditional\proc\p18f4520.asm
                 PIE2bits   0x000fa0       data     extern E:\c18v3.46\pic18-lt\cxx-framework\src\traditional\proc\p18f4520.asm
                     PIR1   0x000f9e       data     extern E:\c18v3.46\pic18-lt\cxx-framework\src\traditional\proc\p18f4520.asm
                 PIR1bits   0x000f9e       data     extern E:\c18v3.46\pic18-lt\cxx-framework\src\traditional\proc\p18f4520.asm
                     PIR2   0x000fa1       data     extern E:\c18v3.46\pic18-lt\cxx-framework\src\traditional\proc\p18f4520.asm
                 PIR2bits   0x000fa1       data     extern E:\c18v3.46\pic18-lt\cxx-framework\src\traditional\proc\p18f4520.asm
                   PLUSW0   0x000feb       data     extern E:\c18v3.46\pic18-lt\cxx-framework\src\traditional\proc\p18f4520.asm
                   PLUSW1   0x000fe3       data     extern E:\c18v3.46\pic18-lt\cxx-framework\src\traditional\proc\p18f4520.asm
                   PLUSW2   0x000fdb       data     extern E:\c18v3.46\pic18-lt\cxx-framework\src\traditional\proc\p18f4520.asm
                    PORTA   0x000f80       data     extern E:\c18v3.46\pic18-lt\cxx-framework\src\traditional\proc\p18f4520.asm
                PORTAbits   0x000f80       data     extern E:\c18v3.46\pic18-lt\cxx-framework\src\traditional\proc\p18f4520.asm
                    PORTB   0x000f81       data     extern E:\c18v3.46\pic18-lt\cxx-framework\src\traditional\proc\p18f4520.asm
                PORTBbits   0x000f81       data     extern E:\c18v3.46\pic18-lt\cxx-framework\src\traditional\proc\p18f4520.asm
                    PORTC   0x000f82       data     extern E:\c18v3.46\pic18-lt\cxx-framework\src\traditional\proc\p18f4520.asm
                PORTCbits   0x000f82       data     extern E:\c18v3.46\pic18-lt\cxx-framework\src\traditional\proc\p18f4520.asm
                    PORTD   0x000f83       data     extern E:\c18v3.46\pic18-lt\cxx-framework\src\traditional\proc\p18f4520.asm
                PORTDbits   0x000f83       data     extern E:\c18v3.46\pic18-lt\cxx-framework\src\traditional\proc\p18f4520.asm
                    PORTE   0x000f84       data     extern E:\c18v3.46\pic18-lt\cxx-framework\src\traditional\proc\p18f4520.asm
                PORTEbits   0x000f84       data     extern E:\c18v3.46\pic18-lt\cxx-framework\src\traditional\proc\p18f4520.asm
                 POSTDEC0   0x000fed       data     extern E:\c18v3.46\pic18-lt\cxx-framework\src\traditional\proc\p18f4520.asm
                 POSTDEC1   0x000fe5       data     extern E:\c18v3.46\pic18-lt\cxx-framework\src\traditional\proc\p18f4520.asm
                 POSTDEC2   0x000fdd       data     extern E:\c18v3.46\pic18-lt\cxx-framework\src\traditional\proc\p18f4520.asm
                 POSTINC0   0x000fee       data     extern E:\c18v3.46\pic18-lt\cxx-framework\src\traditional\proc\p18f4520.asm
                 POSTINC1   0x000fe6       data     extern E:\c18v3.46\pic18-lt\cxx-framework\src\traditional\proc\p18f4520.asm
                 POSTINC2   0x000fde       data     extern E:\c18v3.46\pic18-lt\cxx-framework\src\traditional\proc\p18f4520.asm
                      PR2   0x000fcb       data     extern E:\c18v3.46\pic18-lt\cxx-framework\src\traditional\proc\p18f4520.asm
                  PREINC0   0x000fec       data     extern E:\c18v3.46\pic18-lt\cxx-framework\src\traditional\proc\p18f4520.asm
                  PREINC1   0x000fe4       data     extern E:\c18v3.46\pic18-lt\cxx-framework\src\traditional\proc\p18f4520.asm
                  PREINC2   0x000fdc       data     extern E:\c18v3.46\pic18-lt\cxx-framework\src\traditional\proc\p18f4520.asm
                     PROD   0x000ff3       data     extern E:\c18v3.46\pic18-lt\cxx-framework\src\traditional\proc\p18f4520.asm
                    PRODH   0x000ff4       data     extern E:\c18v3.46\pic18-lt\cxx-framework\src\traditional\proc\p18f4520.asm
                    PRODL   0x000ff3       data     extern E:\c18v3.46\pic18-lt\cxx-framework\src\traditional\proc\p18f4520.asm
                  PWM1CON   0x000fb7       data     extern E:\c18v3.46\pic18-lt\cxx-framework\src\traditional\proc\p18f4520.asm
              PWM1CONbits   0x000fb7       data     extern E:\c18v3.46\pic18-lt\cxx-framework\src\traditional\proc\p18f4520.asm
                     RCON   0x000fd0       data     extern E:\c18v3.46\pic18-lt\cxx-framework\src\traditional\proc\p18f4520.asm
                 RCONbits   0x000fd0       data     extern E:\c18v3.46\pic18-lt\cxx-framework\src\traditional\proc\p18f4520.asm
                    RCREG   0x000fae       data     extern E:\c18v3.46\pic18-lt\cxx-framework\src\traditional\proc\p18f4520.asm
                    RCSTA   0x000fab       data     extern E:\c18v3.46\pic18-lt\cxx-framework\src\traditional\proc\p18f4520.asm
                RCSTAbits   0x000fab       data     extern E:\c18v3.46\pic18-lt\cxx-framework\src\traditional\proc\p18f4520.asm
             SEVENSEGMENT   0x0001eb       data     static C:\Users\IDEONICS-BNG\Documents\GitHub\TempHumidityDisplay\Temp_Humidity_NoSwitch\digitdisplay.c
                     SIGN   0x00000e       data     extern E:\c18v3.46\pic18-lt\cxx-framework\src\traditional\math\cmath18.asm
                    SPBRG   0x000faf       data     extern E:\c18v3.46\pic18-lt\cxx-framework\src\traditional\proc\p18f4520.asm
                   SPBRGH   0x000fb0       data     extern E:\c18v3.46\pic18-lt\cxx-framework\src\traditional\proc\p18f4520.asm
                   SSPADD   0x000fc8       data     extern E:\c18v3.46\pic18-lt\cxx-framework\src\traditional\proc\p18f4520.asm
                   SSPBUF   0x000fc9       data     extern E:\c18v3.46\pic18-lt\cxx-framework\src\traditional\proc\p18f4520.asm
                  SSPCON1   0x000fc6       data     extern E:\c18v3.46\pic18-lt\cxx-framework\src\traditional\proc\p18f4520.asm
              SSPCON1bits   0x000fc6       data     extern E:\c18v3.46\pic18-lt\cxx-framework\src\traditional\proc\p18f4520.asm
                  SSPCON2   0x000fc5       data     extern E:\c18v3.46\pic18-lt\cxx-framework\src\traditional\proc\p18f4520.asm
              SSPCON2bits   0x000fc5       data     extern E:\c18v3.46\pic18-lt\cxx-framework\src\traditional\proc\p18f4520.asm
                  SSPSTAT   0x000fc7       data     extern E:\c18v3.46\pic18-lt\cxx-framework\src\traditional\proc\p18f4520.asm
              SSPSTATbits   0x000fc7       data     extern E:\c18v3.46\pic18-lt\cxx-framework\src\traditional\proc\p18f4520.asm
                   STATUS   0x000fd8       data     extern E:\c18v3.46\pic18-lt\cxx-framework\src\traditional\proc\p18f4520.asm
               STATUSbits   0x000fd8       data     extern E:\c18v3.46\pic18-lt\cxx-framework\src\traditional\proc\p18f4520.asm
                   STKPTR   0x000ffc       data     extern E:\c18v3.46\pic18-lt\cxx-framework\src\traditional\proc\p18f4520.asm
               STKPTRbits   0x000ffc       data     extern E:\c18v3.46\pic18-lt\cxx-framework\src\traditional\proc\p18f4520.asm
                    T0CON   0x000fd5       data     extern E:\c18v3.46\pic18-lt\cxx-framework\src\traditional\proc\p18f4520.asm
                T0CONbits   0x000fd5       data     extern E:\c18v3.46\pic18-lt\cxx-framework\src\traditional\proc\p18f4520.asm
                    T1CON   0x000fcd       data     extern E:\c18v3.46\pic18-lt\cxx-framework\src\traditional\proc\p18f4520.asm
                T1CONbits   0x000fcd       data     extern E:\c18v3.46\pic18-lt\cxx-framework\src\traditional\proc\p18f4520.asm
                    T2CON   0x000fca       data     extern E:\c18v3.46\pic18-lt\cxx-framework\src\traditional\proc\p18f4520.asm
                T2CONbits   0x000fca       data     extern E:\c18v3.46\pic18-lt\cxx-framework\src\traditional\proc\p18f4520.asm
                    T3CON   0x000fb1       data     extern E:\c18v3.46\pic18-lt\cxx-framework\src\traditional\proc\p18f4520.asm
                T3CONbits   0x000fb1       data     extern E:\c18v3.46\pic18-lt\cxx-framework\src\traditional\proc\p18f4520.asm
                   TABLAT   0x000ff5       data     extern E:\c18v3.46\pic18-lt\cxx-framework\src\traditional\proc\p18f4520.asm
                   TBLPTR   0x000ff6       data     extern E:\c18v3.46\pic18-lt\cxx-framework\src\traditional\proc\p18f4520.asm
                  TBLPTRH   0x000ff7       data     extern E:\c18v3.46\pic18-lt\cxx-framework\src\traditional\proc\p18f4520.asm
                  TBLPTRL   0x000ff6       data     extern E:\c18v3.46\pic18-lt\cxx-framework\src\traditional\proc\p18f4520.asm
                  TBLPTRU   0x000ff8       data     extern E:\c18v3.46\pic18-lt\cxx-framework\src\traditional\proc\p18f4520.asm
                    TMR0H   0x000fd7       data     extern E:\c18v3.46\pic18-lt\cxx-framework\src\traditional\proc\p18f4520.asm
                    TMR0L   0x000fd6       data     extern E:\c18v3.46\pic18-lt\cxx-framework\src\traditional\proc\p18f4520.asm
                    TMR1H   0x000fcf       data     extern E:\c18v3.46\pic18-lt\cxx-framework\src\traditional\proc\p18f4520.asm
                    TMR1L   0x000fce       data     extern E:\c18v3.46\pic18-lt\cxx-framework\src\traditional\proc\p18f4520.asm
                     TMR2   0x000fcc       data     extern E:\c18v3.46\pic18-lt\cxx-framework\src\traditional\proc\p18f4520.asm
                    TMR3H   0x000fb3       data     extern E:\c18v3.46\pic18-lt\cxx-framework\src\traditional\proc\p18f4520.asm
                    TMR3L   0x000fb2       data     extern E:\c18v3.46\pic18-lt\cxx-framework\src\traditional\proc\p18f4520.asm
                      TOS   0x000ffd       data     extern E:\c18v3.46\pic18-lt\cxx-framework\src\traditional\proc\p18f4520.asm
                     TOSH   0x000ffe       data     extern E:\c18v3.46\pic18-lt\cxx-framework\src\traditional\proc\p18f4520.asm
                     TOSL   0x000ffd       data     extern E:\c18v3.46\pic18-lt\cxx-framework\src\traditional\proc\p18f4520.asm
                     TOSU   0x000fff       data     extern E:\c18v3.46\pic18-lt\cxx-framework\src\traditional\proc\p18f4520.asm
                    TRISA   0x000f92       data     extern E:\c18v3.46\pic18-lt\cxx-framework\src\traditional\proc\p18f4520.asm
                TRISAbits   0x000f92       data     extern E:\c18v3.46\pic18-lt\cxx-framework\src\traditional\proc\p18f4520.asm
                    TRISB   0x000f93       data     extern E:\c18v3.46\pic18-lt\cxx-framework\src\traditional\proc\p18f4520.asm
                TRISBbits   0x000f93       data     extern E:\c18v3.46\pic18-lt\cxx-framework\src\traditional\proc\p18f4520.asm
                    TRISC   0x000f94       data     extern E:\c18v3.46\pic18-lt\cxx-framework\src\traditional\proc\p18f4520.asm
                TRISCbits   0x000f94       data     extern E:\c18v3.46\pic18-lt\cxx-framework\src\traditional\proc\p18f4520.asm
                    TRISD   0x000f95       data     extern E:\c18v3.46\pic18-lt\cxx-framework\src\traditional\proc\p18f4520.asm
                TRISDbits   0x000f95       data     extern E:\c18v3.46\pic18-lt\cxx-framework\src\traditional\proc\p18f4520.asm
                    TRISE   0x000f96       data     extern E:\c18v3.46\pic18-lt\cxx-framework\src\traditional\proc\p18f4520.asm
                TRISEbits   0x000f96       data     extern E:\c18v3.46\pic18-lt\cxx-framework\src\traditional\proc\p18f4520.asm
                    TXREG   0x000fad       data     extern E:\c18v3.46\pic18-lt\cxx-framework\src\traditional\proc\p18f4520.asm
                    TXSTA   0x000fac       data     extern E:\c18v3.46\pic18-lt\cxx-framework\src\traditional\proc\p18f4520.asm
                TXSTAbits   0x000fac       data     extern E:\c18v3.46\pic18-lt\cxx-framework\src\traditional\proc\p18f4520.asm
             USART_Status   0x00028b       data     extern E:\c18v3.46\pic18-lt\cxx-framework\src\pmc_common\USART\udefs.c
                        W   0x000fe8       data     extern E:\c18v3.46\pic18-lt\cxx-framework\src\traditional\proc\p18f4520.asm
                   WDTCON   0x000fd1       data     extern E:\c18v3.46\pic18-lt\cxx-framework\src\traditional\proc\p18f4520.asm
               WDTCONbits   0x000fd1       data     extern E:\c18v3.46\pic18-lt\cxx-framework\src\traditional\proc\p18f4520.asm
                     WREG   0x000fe8       data     extern E:\c18v3.46\pic18-lt\cxx-framework\src\traditional\proc\p18f4520.asm
                 __AARGB0   0x000007       data     extern E:\c18v3.46\pic18-lt\cxx-framework\src\traditional\math\aarg.asm
                 __AARGB1   0x000006       data     extern E:\c18v3.46\pic18-lt\cxx-framework\src\traditional\math\aarg.asm
                 __AARGB2   0x000005       data     extern E:\c18v3.46\pic18-lt\cxx-framework\src\traditional\math\aarg.asm
                 __AARGB3   0x000004       data     extern E:\c18v3.46\pic18-lt\cxx-framework\src\traditional\math\aarg.asm
                 __AARGB4   0x000003       data     extern E:\c18v3.46\pic18-lt\cxx-framework\src\traditional\math\aarg.asm
                 __AARGB5   0x000002       data     extern E:\c18v3.46\pic18-lt\cxx-framework\src\traditional\math\aarg.asm
                 __AARGB6   0x000001       data     extern E:\c18v3.46\pic18-lt\cxx-framework\src\traditional\math\aarg.asm
                 __AARGB7   0x000000       data     extern E:\c18v3.46\pic18-lt\cxx-framework\src\traditional\math\aarg.asm
                   __AEXP   0x000008       data     extern E:\c18v3.46\pic18-lt\cxx-framework\src\traditional\math\aarg.asm
                 __BARGB0   0x00000c       data     extern E:\c18v3.46\pic18-lt\cxx-framework\src\traditional\math\barg.asm
                 __BARGB1   0x00000b       data     extern E:\c18v3.46\pic18-lt\cxx-framework\src\traditional\math\barg.asm
                 __BARGB2   0x00000a       data     extern E:\c18v3.46\pic18-lt\cxx-framework\src\traditional\math\barg.asm
                 __BARGB3   0x000009       data     extern E:\c18v3.46\pic18-lt\cxx-framework\src\traditional\math\barg.asm
                   __BEXP   0x00000d       data     extern E:\c18v3.46\pic18-lt\cxx-framework\src\traditional\math\barg.asm
                __FPFLAGS   0x00000f       data     extern E:\c18v3.46\pic18-lt\cxx-framework\src\traditional\math\cmath18.asm
            __FPFLAGSbits   0x00000f       data     extern E:\c18v3.46\pic18-lt\cxx-framework\src\traditional\math\cmath18.asm
                  __REMB0   0x000003       data     extern E:\c18v3.46\pic18-lt\cxx-framework\src\traditional\math\aarg.asm
                  __REMB1   0x000002       data     extern E:\c18v3.46\pic18-lt\cxx-framework\src\traditional\math\aarg.asm
                  __REMB2   0x000001       data     extern E:\c18v3.46\pic18-lt\cxx-framework\src\traditional\math\aarg.asm
                  __REMB3   0x000000       data     extern E:\c18v3.46\pic18-lt\cxx-framework\src\traditional\math\aarg.asm
                  __tmp_0   0x000010       data     static C:\Users\IDEONICS-BNG\Documents\GitHub\TempHumidityDisplay\Temp_Humidity_NoSwitch\adc_ide.c
                  __tmp_0   0x000010       data     static C:\Users\IDEONICS-BNG\Documents\GitHub\TempHumidityDisplay\Temp_Humidity_NoSwitch\app.c
                  __tmp_0   0x000010       data     static C:\Users\IDEONICS-BNG\Documents\GitHub\TempHumidityDisplay\Temp_Humidity_NoSwitch\communication.c
                  __tmp_0   0x000010       data     static C:\Users\IDEONICS-BNG\Documents\GitHub\TempHumidityDisplay\Temp_Humidity_NoSwitch\digitdisplay.c
                  __tmp_0   0x000010       data     static E:\c18v3.46\pic18-lt\cxx-framework\src\pmc_common\EEP\write_B.c
                  __tmp_0   0x000010       data     static C:\Users\IDEONICS-BNG\Documents\GitHub\TempHumidityDisplay\Temp_Humidity_NoSwitch\main.c
                  __tmp_0   0x000010       data     static E:\c18v3.46\pic18-lt\cxx-framework\src\pmc_common\ADC\adcsetch.c
                  __tmp_0   0x000010       data     static E:\c18v3.46\pic18-lt\cxx-framework\src\pmc_common\EEP\read_B.c
                  __tmp_0   0x000010       data     static E:\c18v3.46\pic18-lt\cxx-framework\src\pmc_common\ADC\adcread.c
                  __tmp_0   0x000010       data     static C:\Users\IDEONICS-BNG\Documents\GitHub\TempHumidityDisplay\Temp_Humidity_NoSwitch\uart_driver.c
                  __tmp_0   0x000010       data     static E:\c18v3.46\pic18-lt\cxx-framework\src\pmc_common\USART\uopen.c
                  __tmp_0   0x000010       data     static E:\c18v3.46\pic18-lt\cxx-framework\src\pmc_common\ADC\adcopen.c
                      adc   0x00027e       data     extern C:\Users\IDEONICS-BNG\Documents\GitHub\TempHumidityDisplay\Temp_Humidity_NoSwitch\adc_ide.c
                      app   0x00018c       data     extern C:\Users\IDEONICS-BNG\Documents\GitHub\TempHumidityDisplay\Temp_Humidity_NoSwitch\app.c
               comTimeout   0x000289       data     extern C:\Users\IDEONICS-BNG\Documents\GitHub\TempHumidityDisplay\Temp_Humidity_NoSwitch\communication.c
           comUpdateCount   0x0001e9       data     extern C:\Users\IDEONICS-BNG\Documents\GitHub\TempHumidityDisplay\Temp_Humidity_NoSwitch\timer.c
            communication   0x000100       data     extern C:\Users\IDEONICS-BNG\Documents\GitHub\TempHumidityDisplay\Temp_Humidity_NoSwitch\communication.c
                curr_byte   0x0001f9       data     static E:\c18v3.46\pic18-lt\cxx-framework\src\traditional\startup\c018i.c
               curr_entry   0x0001fb       data     static E:\c18v3.46\pic18-lt\cxx-framework\src\traditional\startup\c018i.c
                 data_ptr   0x0001fd       data     static E:\c18v3.46\pic18-lt\cxx-framework\src\traditional\startup\c018i.c
             digitDisplay   0x0001b0       data     extern C:\Users\IDEONICS-BNG\Documents\GitHub\TempHumidityDisplay\Temp_Humidity_NoSwitch\digitdisplay.c
           heartBeatCount   0x0001e5       data     extern C:\Users\IDEONICS-BNG\Documents\GitHub\TempHumidityDisplay\Temp_Humidity_NoSwitch\timer.c
       keypadUpdate_count   0x0001e7       data     extern C:\Users\IDEONICS-BNG\Documents\GitHub\TempHumidityDisplay\Temp_Humidity_NoSwitch\timer.c
                 ledState   0x00028c       data     static C:\Users\IDEONICS-BNG\Documents\GitHub\TempHumidityDisplay\Temp_Humidity_NoSwitch\board.c
                 ledState   0x00028d       data     extern C:\Users\IDEONICS-BNG\Documents\GitHub\TempHumidityDisplay\Temp_Humidity_NoSwitch\heartBeat.c
                  message   0x0001c9       data     extern C:\Users\IDEONICS-BNG\Documents\GitHub\TempHumidityDisplay\Temp_Humidity_NoSwitch\main.c
                     prom   0x0001f6       data     static E:\c18v3.46\pic18-lt\cxx-framework\src\traditional\startup\c018i.c
                      tmr   0x0001dd       data     extern C:\Users\IDEONICS-BNG\Documents\GitHub\TempHumidityDisplay\Temp_Humidity_NoSwitch\timer.c
                     uart   0x000200       data     extern C:\Users\IDEONICS-BNG\Documents\GitHub\TempHumidityDisplay\Temp_Humidity_NoSwitch\uart_driver.c



                              Symbols - Sorted by Address
                     Name    Address   Location    Storage File                     
                ---------  ---------  ---------  --------- ---------                
                   _entry   0x000000    program     extern E:\c18v3.46\pic18-lt\cxx-framework\src\traditional\startup\c018i.c
       ___return_lbl00000   0x000004    program     static                          
                   __init   0x000006    program     extern E:\c18v3.46\pic18-lt\cxx-framework\src\traditional\stdclib\__init.c
           high_interrupt   0x000008    program     extern C:\Users\IDEONICS-BNG\Documents\GitHub\TempHumidityDisplay\Temp_Humidity_NoSwitch\interruptvector.c
           ___if_lbl00001   0x000010    program     static                          
           ___if_lbl00002   0x000018    program     static                          
           ___if_lbl00003   0x000020    program     static                          
           ___if_lbl00004   0x000028    program     static                          
       ___return_lbl00000   0x000028    program     static                          
         EnableInterrupts   0x00002a    program     extern C:\Users\IDEONICS-BNG\Documents\GitHub\TempHumidityDisplay\Temp_Humidity_NoSwitch\interruptvector.c
              Delay1KTCYx   0x000030    program     extern E:\c18v3.46\pic18-lt\cxx-framework\src\traditional\delays\d1ktcyx.asm
                     D1Kx   0x00003a    program     static E:\c18v3.46\pic18-lt\cxx-framework\src\traditional\delays\d1ktcyx.asm
                    D1K_1   0x00003c    program     static E:\c18v3.46\pic18-lt\cxx-framework\src\traditional\delays\d1ktcyx.asm
        _D1KTCYXCODE_0010   0x000040    program     static E:\c18v3.46\pic18-lt\cxx-framework\src\traditional\delays\d1ktcyx.asm
        _D1KTCYXCODE_0016   0x000046    program     static E:\c18v3.46\pic18-lt\cxx-framework\src\traditional\delays\d1ktcyx.asm
                 app_init   0x0000ca    program     extern C:\Users\IDEONICS-BNG\Documents\GitHub\TempHumidityDisplay\Temp_Humidity_NoSwitch\app.c
                 app_task   0x0000d2    program     extern C:\Users\IDEONICS-BNG\Documents\GitHub\TempHumidityDisplay\Temp_Humidity_NoSwitch\app.c
               conversion   0x0001a6    program     extern C:\Users\IDEONICS-BNG\Documents\GitHub\TempHumidityDisplay\Temp_Humidity_NoSwitch\app.c
          countsToTempHum   0x0003ba    program     extern C:\Users\IDEONICS-BNG\Documents\GitHub\TempHumidityDisplay\Temp_Humidity_NoSwitch\app.c
          APP_comCallBack   0x0004e6    program     extern C:\Users\IDEONICS-BNG\Documents\GitHub\TempHumidityDisplay\Temp_Humidity_NoSwitch\app.c
              read_eeprom   0x000626    program     extern C:\Users\IDEONICS-BNG\Documents\GitHub\TempHumidityDisplay\Temp_Humidity_NoSwitch\app.c
                 COM_init   0x000726    program     extern C:\Users\IDEONICS-BNG\Documents\GitHub\TempHumidityDisplay\Temp_Humidity_NoSwitch\communication.c
                COM_reset   0x0007ae    program     extern C:\Users\IDEONICS-BNG\Documents\GitHub\TempHumidityDisplay\Temp_Humidity_NoSwitch\communication.c
                 COM_task   0x0007d4    program     extern C:\Users\IDEONICS-BNG\Documents\GitHub\TempHumidityDisplay\Temp_Humidity_NoSwitch\communication.c
              parsePacket   0x00096e    program     extern C:\Users\IDEONICS-BNG\Documents\GitHub\TempHumidityDisplay\Temp_Humidity_NoSwitch\communication.c
               COM_txData   0x000a00    program     extern C:\Users\IDEONICS-BNG\Documents\GitHub\TempHumidityDisplay\Temp_Humidity_NoSwitch\communication.c
          ___for_lbl00040   0x000a36    program     static                          
          ___for_lbl00038   0x000a60    program     static                          
          ___for_lbl00039   0x000a66    program     static                          
       ___return_lbl00037   0x000a80    program     static                          
                COM_txStr   0x000a94    program     extern C:\Users\IDEONICS-BNG\Documents\GitHub\TempHumidityDisplay\Temp_Humidity_NoSwitch\communication.c
                 checksum   0x000ae6    program     extern C:\Users\IDEONICS-BNG\Documents\GitHub\TempHumidityDisplay\Temp_Humidity_NoSwitch\communication.c
        DigitDisplay_init   0x000b48    program     extern C:\Users\IDEONICS-BNG\Documents\GitHub\TempHumidityDisplay\Temp_Humidity_NoSwitch\digitdisplay.c
        DigitDisplay_task   0x000c40    program     extern C:\Users\IDEONICS-BNG\Documents\GitHub\TempHumidityDisplay\Temp_Humidity_NoSwitch\digitdisplay.c
DigitDisplay_updateBuffer   0x000cc4    program     extern C:\Users\IDEONICS-BNG\Documents\GitHub\TempHumidityDisplay\Temp_Humidity_NoSwitch\digitdisplay.c
DigitDisplay_updateBufferBinary   0x000d8c    program     extern C:\Users\IDEONICS-BNG\Documents\GitHub\TempHumidityDisplay\Temp_Humidity_NoSwitch\digitdisplay.c
 DigitDisplay_updateDigit   0x000de0    program     extern C:\Users\IDEONICS-BNG\Documents\GitHub\TempHumidityDisplay\Temp_Humidity_NoSwitch\digitdisplay.c
     DigitDisplay_blinkOn   0x000e5e    program     extern C:\Users\IDEONICS-BNG\Documents\GitHub\TempHumidityDisplay\Temp_Humidity_NoSwitch\digitdisplay.c
    DigitDisplay_blinkOff   0x000e96    program     extern C:\Users\IDEONICS-BNG\Documents\GitHub\TempHumidityDisplay\Temp_Humidity_NoSwitch\digitdisplay.c
       DigitDisplay_clear   0x000ea4    program     extern C:\Users\IDEONICS-BNG\Documents\GitHub\TempHumidityDisplay\Temp_Humidity_NoSwitch\digitdisplay.c
       writeToDisplayPort   0x000ed8    program     static C:\Users\IDEONICS-BNG\Documents\GitHub\TempHumidityDisplay\Temp_Humidity_NoSwitch\digitdisplay.c
                 validate   0x000f2c    program     static C:\Users\IDEONICS-BNG\Documents\GitHub\TempHumidityDisplay\Temp_Humidity_NoSwitch\digitdisplay.c
       UartReceiveHandler   0x000f68    program     extern C:\Users\IDEONICS-BNG\Documents\GitHub\TempHumidityDisplay\Temp_Humidity_NoSwitch\uart_driver.c
      UartTransmitHandler   0x001030    program     extern C:\Users\IDEONICS-BNG\Documents\GitHub\TempHumidityDisplay\Temp_Humidity_NoSwitch\uart_driver.c
                UART_init   0x0010aa    program     extern C:\Users\IDEONICS-BNG\Documents\GitHub\TempHumidityDisplay\Temp_Humidity_NoSwitch\uart_driver.c
               UART_write   0x0010e0    program     extern C:\Users\IDEONICS-BNG\Documents\GitHub\TempHumidityDisplay\Temp_Humidity_NoSwitch\uart_driver.c
            UART_transmit   0x001116    program     extern C:\Users\IDEONICS-BNG\Documents\GitHub\TempHumidityDisplay\Temp_Humidity_NoSwitch\uart_driver.c
             UART_hasData   0x0011b0    program     extern C:\Users\IDEONICS-BNG\Documents\GitHub\TempHumidityDisplay\Temp_Humidity_NoSwitch\uart_driver.c
                UART_read   0x0011e8    program     extern C:\Users\IDEONICS-BNG\Documents\GitHub\TempHumidityDisplay\Temp_Humidity_NoSwitch\uart_driver.c
                 TMR0_ISR   0x001236    program     extern C:\Users\IDEONICS-BNG\Documents\GitHub\TempHumidityDisplay\Temp_Humidity_NoSwitch\timer.c
                 TMR1_ISR   0x0012fe    program     extern C:\Users\IDEONICS-BNG\Documents\GitHub\TempHumidityDisplay\Temp_Humidity_NoSwitch\timer.c
                TMR0_init   0x0013b8    program     extern C:\Users\IDEONICS-BNG\Documents\GitHub\TempHumidityDisplay\Temp_Humidity_NoSwitch\timer.c
                TMR1_init   0x0013fe    program     extern C:\Users\IDEONICS-BNG\Documents\GitHub\TempHumidityDisplay\Temp_Humidity_NoSwitch\timer.c
                 ADC_init   0x001446    program     extern C:\Users\IDEONICS-BNG\Documents\GitHub\TempHumidityDisplay\Temp_Humidity_NoSwitch\adc_ide.c
                 ADC_task   0x001464    program     extern C:\Users\IDEONICS-BNG\Documents\GitHub\TempHumidityDisplay\Temp_Humidity_NoSwitch\adc_ide.c
            ADC_getResult   0x00152c    program     extern C:\Users\IDEONICS-BNG\Documents\GitHub\TempHumidityDisplay\Temp_Humidity_NoSwitch\adc_ide.c
            ADC_interrupt   0x00157c    program     extern C:\Users\IDEONICS-BNG\Documents\GitHub\TempHumidityDisplay\Temp_Humidity_NoSwitch\adc_ide.c
                     main   0x001592    program     extern C:\Users\IDEONICS-BNG\Documents\GitHub\TempHumidityDisplay\Temp_Humidity_NoSwitch\main.c
        ___while_lbl00001   0x00161a    program     static                          
           ___if_lbl00003   0x001630    program     static                          
           ___if_lbl00004   0x00164c    program     static                          
           ___if_lbl00005   0x001662    program     static                          
        ___while_lbl00002   0x00166a    program     static                          
       ___return_lbl00000   0x00166a    program     static                          
                _do_cinit   0x00167e    program     extern E:\c18v3.46\pic18-lt\cxx-framework\src\traditional\startup\c018i.c
                     test   0x001698    program     static                          
                copy_loop   0x0016f0    program     static                          
            copy_one_byte   0x0016f6    program     static                          
             done_copying   0x001704    program     static                          
                     done   0x00171a    program     static                          
       ___return_lbl00002   0x00171a    program     static                          
                OpenUSART   0x00171c    program     extern E:\c18v3.46\pic18-lt\cxx-framework\src\pmc_common\USART\uopen.c
                  FXM3232   0x0017a6    program     extern E:\c18v3.46\pic18-lt\cxx-framework\src\traditional\math\fxm3232.c
       ___return_lbl00000   0x001814    program     static                          
                  OpenADC   0x001816    program     extern E:\c18v3.46\pic18-lt\cxx-framework\src\pmc_common\ADC\adcopen.c
              Write_b_eep   0x001884    program     extern E:\c18v3.46\pic18-lt\cxx-framework\src\pmc_common\EEP\write_B.c
               Read_b_eep   0x0018ea    program     extern E:\c18v3.46\pic18-lt\cxx-framework\src\pmc_common\EEP\read_B.c
       ___return_lbl00000   0x001922    program     static                          
               OpenTimer1   0x00192e    program     extern E:\c18v3.46\pic18-lt\cxx-framework\src\pmc_common\Timers\t1open.c
                ReadUSART   0x001970    program     extern E:\c18v3.46\pic18-lt\cxx-framework\src\pmc_common\USART\uread.c
              WriteTimer1   0x0019ae    program     extern E:\c18v3.46\pic18-lt\cxx-framework\src\pmc_common\Timers\t1write.c
              WriteTimer0   0x0019e6    program     extern E:\c18v3.46\pic18-lt\cxx-framework\src\pmc_common\Timers\t0write.c
               OpenTimer0   0x001a1e    program     extern E:\c18v3.46\pic18-lt\cxx-framework\src\pmc_common\Timers\t0open.c
               SetChanADC   0x001a56    program     extern E:\c18v3.46\pic18-lt\cxx-framework\src\pmc_common\ADC\adcsetch.c
                 FXD1616U   0x001a84    program     extern E:\c18v3.46\pic18-lt\cxx-framework\src\traditional\math\fxd1616u.c
                     loop   0x001a8e    program     static                          
                  endloop   0x001aaa    program     static                          
       ___return_lbl00000   0x001aae    program     static                          
                 BRD_init   0x001ab0    program     extern C:\Users\IDEONICS-BNG\Documents\GitHub\TempHumidityDisplay\Temp_Humidity_NoSwitch\board.c
            __zero_memory   0x001adc    program     extern E:\c18v3.46\pic18-lt\cxx-framework\src\traditional\proc\p18f4520.asm
                   loop_h   0x001aea    program     static E:\c18v3.46\pic18-lt\cxx-framework\src\traditional\proc\p18f4520.asm
               zero_block   0x001aea    program     static E:\c18v3.46\pic18-lt\cxx-framework\src\traditional\proc\p18f4520.asm
                compare_l   0x001af2    program     static E:\c18v3.46\pic18-lt\cxx-framework\src\traditional\proc\p18f4520.asm
                   loop_l   0x001af4    program     static E:\c18v3.46\pic18-lt\cxx-framework\src\traditional\proc\p18f4520.asm
                 _startup   0x001afc    program     extern E:\c18v3.46\pic18-lt\cxx-framework\src\traditional\startup\c018i.c
                     loop   0x001b0c    program     static                          
       ___return_lbl00001   0x001b16    program     static                          
                  HB_init   0x001b18    program     extern C:\Users\IDEONICS-BNG\Documents\GitHub\TempHumidityDisplay\Temp_Humidity_NoSwitch\heartBeat.c
                  HB_task   0x001b1e    program     extern C:\Users\IDEONICS-BNG\Documents\GitHub\TempHumidityDisplay\Temp_Humidity_NoSwitch\heartBeat.c
              Delay10TCYx   0x001b32    program     extern E:\c18v3.46\pic18-lt\cxx-framework\src\traditional\delays\d10tcyx.asm
                     D10x   0x001b3a    program     static E:\c18v3.46\pic18-lt\cxx-framework\src\traditional\delays\d10tcyx.asm
        _D10TCYXCODE_000A   0x001b3c    program     static E:\c18v3.46\pic18-lt\cxx-framework\src\traditional\delays\d10tcyx.asm
        _D10TCYXCODE_000C   0x001b3e    program     static E:\c18v3.46\pic18-lt\cxx-framework\src\traditional\delays\d10tcyx.asm
        _D10TCYXCODE_000E   0x001b40    program     static E:\c18v3.46\pic18-lt\cxx-framework\src\traditional\delays\d10tcyx.asm
                    D10_1   0x001b42    program     static E:\c18v3.46\pic18-lt\cxx-framework\src\traditional\delays\d10tcyx.asm
                  ReadADC   0x001b48    program     extern E:\c18v3.46\pic18-lt\cxx-framework\src\pmc_common\ADC\adcread.c
                 Busy_eep   0x001b5a    program     extern E:\c18v3.46\pic18-lt\cxx-framework\src\pmc_common\EEP\busy_eep.c
                    alert   0x001b60    program     extern C:\Users\IDEONICS-BNG\Documents\GitHub\TempHumidityDisplay\Temp_Humidity_NoSwitch\communication.c
               ConvertADC   0x001b66    program     extern E:\c18v3.46\pic18-lt\cxx-framework\src\pmc_common\ADC\adcconv.c
               __config_0   0x300001    program     static C:\Users\IDEONICS-BNG\Documents\GitHub\TempHumidityDisplay\Temp_Humidity_NoSwitch\main.c
               __config_1   0x300002    program     static C:\Users\IDEONICS-BNG\Documents\GitHub\TempHumidityDisplay\Temp_Humidity_NoSwitch\main.c
               __config_2   0x300003    program     static C:\Users\IDEONICS-BNG\Documents\GitHub\TempHumidityDisplay\Temp_Humidity_NoSwitch\main.c
               __config_3   0x300005    program     static C:\Users\IDEONICS-BNG\Documents\GitHub\TempHumidityDisplay\Temp_Humidity_NoSwitch\main.c
               __config_4   0x300006    program     static C:\Users\IDEONICS-BNG\Documents\GitHub\TempHumidityDisplay\Temp_Humidity_NoSwitch\main.c
               __config_5   0x300008    program     static C:\Users\IDEONICS-BNG\Documents\GitHub\TempHumidityDisplay\Temp_Humidity_NoSwitch\main.c
               __config_6   0x300009    program     static C:\Users\IDEONICS-BNG\Documents\GitHub\TempHumidityDisplay\Temp_Humidity_NoSwitch\main.c
               __config_7   0x30000a    program     static C:\Users\IDEONICS-BNG\Documents\GitHub\TempHumidityDisplay\Temp_Humidity_NoSwitch\main.c
               __config_8   0x30000b    program     static C:\Users\IDEONICS-BNG\Documents\GitHub\TempHumidityDisplay\Temp_Humidity_NoSwitch\main.c
               __config_9   0x30000c    program     static C:\Users\IDEONICS-BNG\Documents\GitHub\TempHumidityDisplay\Temp_Humidity_NoSwitch\main.c
              __config_10   0x30000d    program     static C:\Users\IDEONICS-BNG\Documents\GitHub\TempHumidityDisplay\Temp_Humidity_NoSwitch\main.c
                 __AARGB7   0x000000       data     extern E:\c18v3.46\pic18-lt\cxx-framework\src\traditional\math\aarg.asm
                  __REMB3   0x000000       data     extern E:\c18v3.46\pic18-lt\cxx-framework\src\traditional\math\aarg.asm
                  __REMB2   0x000001       data     extern E:\c18v3.46\pic18-lt\cxx-framework\src\traditional\math\aarg.asm
                 __AARGB6   0x000001       data     extern E:\c18v3.46\pic18-lt\cxx-framework\src\traditional\math\aarg.asm
                  __REMB1   0x000002       data     extern E:\c18v3.46\pic18-lt\cxx-framework\src\traditional\math\aarg.asm
                 __AARGB5   0x000002       data     extern E:\c18v3.46\pic18-lt\cxx-framework\src\traditional\math\aarg.asm
                  __REMB0   0x000003       data     extern E:\c18v3.46\pic18-lt\cxx-framework\src\traditional\math\aarg.asm
                 __AARGB4   0x000003       data     extern E:\c18v3.46\pic18-lt\cxx-framework\src\traditional\math\aarg.asm
                 __AARGB3   0x000004       data     extern E:\c18v3.46\pic18-lt\cxx-framework\src\traditional\math\aarg.asm
                 __AARGB2   0x000005       data     extern E:\c18v3.46\pic18-lt\cxx-framework\src\traditional\math\aarg.asm
                 __AARGB1   0x000006       data     extern E:\c18v3.46\pic18-lt\cxx-framework\src\traditional\math\aarg.asm
                 __AARGB0   0x000007       data     extern E:\c18v3.46\pic18-lt\cxx-framework\src\traditional\math\aarg.asm
                   __AEXP   0x000008       data     extern E:\c18v3.46\pic18-lt\cxx-framework\src\traditional\math\aarg.asm
                 __BARGB3   0x000009       data     extern E:\c18v3.46\pic18-lt\cxx-framework\src\traditional\math\barg.asm
                 __BARGB2   0x00000a       data     extern E:\c18v3.46\pic18-lt\cxx-framework\src\traditional\math\barg.asm
                 __BARGB1   0x00000b       data     extern E:\c18v3.46\pic18-lt\cxx-framework\src\traditional\math\barg.asm
                 __BARGB0   0x00000c       data     extern E:\c18v3.46\pic18-lt\cxx-framework\src\traditional\math\barg.asm
                   __BEXP   0x00000d       data     extern E:\c18v3.46\pic18-lt\cxx-framework\src\traditional\math\barg.asm
                     SIGN   0x00000e       data     extern E:\c18v3.46\pic18-lt\cxx-framework\src\traditional\math\cmath18.asm
            __FPFLAGSbits   0x00000f       data     extern E:\c18v3.46\pic18-lt\cxx-framework\src\traditional\math\cmath18.asm
                __FPFLAGS   0x00000f       data     extern E:\c18v3.46\pic18-lt\cxx-framework\src\traditional\math\cmath18.asm
                  __tmp_0   0x000010       data     static E:\c18v3.46\pic18-lt\cxx-framework\src\pmc_common\EEP\write_B.c
                  __tmp_0   0x000010       data     static E:\c18v3.46\pic18-lt\cxx-framework\src\pmc_common\ADC\adcopen.c
                  __tmp_0   0x000010       data     static E:\c18v3.46\pic18-lt\cxx-framework\src\pmc_common\USART\uopen.c
                  __tmp_0   0x000010       data     static C:\Users\IDEONICS-BNG\Documents\GitHub\TempHumidityDisplay\Temp_Humidity_NoSwitch\digitdisplay.c
                  __tmp_0   0x000010       data     static C:\Users\IDEONICS-BNG\Documents\GitHub\TempHumidityDisplay\Temp_Humidity_NoSwitch\communication.c
                  __tmp_0   0x000010       data     static C:\Users\IDEONICS-BNG\Documents\GitHub\TempHumidityDisplay\Temp_Humidity_NoSwitch\app.c
                  __tmp_0   0x000010       data     static C:\Users\IDEONICS-BNG\Documents\GitHub\TempHumidityDisplay\Temp_Humidity_NoSwitch\adc_ide.c
                  __tmp_0   0x000010       data     static C:\Users\IDEONICS-BNG\Documents\GitHub\TempHumidityDisplay\Temp_Humidity_NoSwitch\uart_driver.c
                  __tmp_0   0x000010       data     static E:\c18v3.46\pic18-lt\cxx-framework\src\pmc_common\ADC\adcread.c
                  __tmp_0   0x000010       data     static E:\c18v3.46\pic18-lt\cxx-framework\src\pmc_common\EEP\read_B.c
                  __tmp_0   0x000010       data     static E:\c18v3.46\pic18-lt\cxx-framework\src\pmc_common\ADC\adcsetch.c
                  __tmp_0   0x000010       data     static C:\Users\IDEONICS-BNG\Documents\GitHub\TempHumidityDisplay\Temp_Humidity_NoSwitch\main.c
            DelayCounter1   0x000014       data     extern E:\c18v3.46\pic18-lt\cxx-framework\src\traditional\delays\delayd1.asm
[...]
                     DDRD   0x000f95       data     extern E:\c18v3.46\pic18-lt\cxx-framework\src\traditional\proc\p18f4520.asm
                    TRISD   0x000f95       data     extern E:\c18v3.46\pic18-lt\cxx-framework\src\traditional\proc\p18f4520.asm
                 DDRDbits   0x000f95       data     extern E:\c18v3.46\pic18-lt\cxx-framework\src\traditional\proc\p18f4520.asm
                     DDRE   0x000f96       data     extern E:\c18v3.46\pic18-lt\cxx-framework\src\traditional\proc\p18f4520.asm
                TRISEbits   0x000f96       data     extern E:\c18v3.46\pic18-lt\cxx-framework\src\traditional\proc\p18f4520.asm
                    TRISE   0x000f96       data     extern E:\c18v3.46\pic18-lt\cxx-framework\src\traditional\proc\p18f4520.asm
                 DDREbits   0x000f96       data     extern E:\c18v3.46\pic18-lt\cxx-framework\src\traditional\proc\p18f4520.asm
                  OSCTUNE   0x000f9b       data     extern E:\c18v3.46\pic18-lt\cxx-framework\src\traditional\proc\p18f4520.asm
              OSCTUNEbits   0x000f9b       data     extern E:\c18v3.46\pic18-lt\cxx-framework\src\traditional\proc\p18f4520.asm
                     PIE1   0x000f9d       data     extern E:\c18v3.46\pic18-lt\cxx-framework\src\traditional\proc\p18f4520.asm
                 PIE1bits   0x000f9d       data     extern E:\c18v3.46\pic18-lt\cxx-framework\src\traditional\proc\p18f4520.asm
                     PIR1   0x000f9e       data     extern E:\c18v3.46\pic18-lt\cxx-framework\src\traditional\proc\p18f4520.asm
                 PIR1bits   0x000f9e       data     extern E:\c18v3.46\pic18-lt\cxx-framework\src\traditional\proc\p18f4520.asm
                 IPR1bits   0x000f9f       data     extern E:\c18v3.46\pic18-lt\cxx-framework\src\traditional\proc\p18f4520.asm
                     IPR1   0x000f9f       data     extern E:\c18v3.46\pic18-lt\cxx-framework\src\traditional\proc\p18f4520.asm
                     PIE2   0x000fa0       data     extern E:\c18v3.46\pic18-lt\cxx-framework\src\traditional\proc\p18f4520.asm
                 PIE2bits   0x000fa0       data     extern E:\c18v3.46\pic18-lt\cxx-framework\src\traditional\proc\p18f4520.asm
                     PIR2   0x000fa1       data     extern E:\c18v3.46\pic18-lt\cxx-framework\src\traditional\proc\p18f4520.asm
                 PIR2bits   0x000fa1       data     extern E:\c18v3.46\pic18-lt\cxx-framework\src\traditional\proc\p18f4520.asm
                 IPR2bits   0x000fa2       data     extern E:\c18v3.46\pic18-lt\cxx-framework\src\traditional\proc\p18f4520.asm
                     IPR2   0x000fa2       data     extern E:\c18v3.46\pic18-lt\cxx-framework\src\traditional\proc\p18f4520.asm
                   EECON1   0x000fa6       data     extern E:\c18v3.46\pic18-lt\cxx-framework\src\traditional\proc\p18f4520.asm
               EECON1bits   0x000fa6       data     extern E:\c18v3.46\pic18-lt\cxx-framework\src\traditional\proc\p18f4520.asm
                   EECON2   0x000fa7       data     extern E:\c18v3.46\pic18-lt\cxx-framework\src\traditional\proc\p18f4520.asm
                   EEDATA   0x000fa8       data     extern E:\c18v3.46\pic18-lt\cxx-framework\src\traditional\proc\p18f4520.asm
                    EEADR   0x000fa9       data     extern E:\c18v3.46\pic18-lt\cxx-framework\src\traditional\proc\p18f4520.asm
                RCSTAbits   0x000fab       data     extern E:\c18v3.46\pic18-lt\cxx-framework\src\traditional\proc\p18f4520.asm
                    RCSTA   0x000fab       data     extern E:\c18v3.46\pic18-lt\cxx-framework\src\traditional\proc\p18f4520.asm
                    TXSTA   0x000fac       data     extern E:\c18v3.46\pic18-lt\cxx-framework\src\traditional\proc\p18f4520.asm
                TXSTAbits   0x000fac       data     extern E:\c18v3.46\pic18-lt\cxx-framework\src\traditional\proc\p18f4520.asm
                    TXREG   0x000fad       data     extern E:\c18v3.46\pic18-lt\cxx-framework\src\traditional\proc\p18f4520.asm
                    RCREG   0x000fae       data     extern E:\c18v3.46\pic18-lt\cxx-framework\src\traditional\proc\p18f4520.asm
                    SPBRG   0x000faf       data     extern E:\c18v3.46\pic18-lt\cxx-framework\src\traditional\proc\p18f4520.asm
                   SPBRGH   0x000fb0       data     extern E:\c18v3.46\pic18-lt\cxx-framework\src\traditional\proc\p18f4520.asm
                T3CONbits   0x000fb1       data     extern E:\c18v3.46\pic18-lt\cxx-framework\src\traditional\proc\p18f4520.asm
                    T3CON   0x000fb1       data     extern E:\c18v3.46\pic18-lt\cxx-framework\src\traditional\proc\p18f4520.asm
                    TMR3L   0x000fb2       data     extern E:\c18v3.46\pic18-lt\cxx-framework\src\traditional\proc\p18f4520.asm
                    TMR3H   0x000fb3       data     extern E:\c18v3.46\pic18-lt\cxx-framework\src\traditional\proc\p18f4520.asm
                CMCONbits   0x000fb4       data     extern E:\c18v3.46\pic18-lt\cxx-framework\src\traditional\proc\p18f4520.asm
                    CMCON   0x000fb4       data     extern E:\c18v3.46\pic18-lt\cxx-framework\src\traditional\proc\p18f4520.asm
               CVRCONbits   0x000fb5       data     extern E:\c18v3.46\pic18-lt\cxx-framework\src\traditional\proc\p18f4520.asm
                   CVRCON   0x000fb5       data     extern E:\c18v3.46\pic18-lt\cxx-framework\src\traditional\proc\p18f4520.asm
               ECCPASbits   0x000fb6       data     extern E:\c18v3.46\pic18-lt\cxx-framework\src\traditional\proc\p18f4520.asm
                   ECCPAS   0x000fb6       data     extern E:\c18v3.46\pic18-lt\cxx-framework\src\traditional\proc\p18f4520.asm
              ECCP1ASbits   0x000fb6       data     extern E:\c18v3.46\pic18-lt\cxx-framework\src\traditional\proc\p18f4520.asm
                  ECCP1AS   0x000fb6       data     extern E:\c18v3.46\pic18-lt\cxx-framework\src\traditional\proc\p18f4520.asm
             ECCP1DELbits   0x000fb7       data     extern E:\c18v3.46\pic18-lt\cxx-framework\src\traditional\proc\p18f4520.asm
                 ECCP1DEL   0x000fb7       data     extern E:\c18v3.46\pic18-lt\cxx-framework\src\traditional\proc\p18f4520.asm
                  PWM1CON   0x000fb7       data     extern E:\c18v3.46\pic18-lt\cxx-framework\src\traditional\proc\p18f4520.asm
              PWM1CONbits   0x000fb7       data     extern E:\c18v3.46\pic18-lt\cxx-framework\src\traditional\proc\p18f4520.asm
              BAUDCTLbits   0x000fb8       data     extern E:\c18v3.46\pic18-lt\cxx-framework\src\traditional\proc\p18f4520.asm
                  BAUDCTL   0x000fb8       data     extern E:\c18v3.46\pic18-lt\cxx-framework\src\traditional\proc\p18f4520.asm
              BAUDCONbits   0x000fb8       data     extern E:\c18v3.46\pic18-lt\cxx-framework\src\traditional\proc\p18f4520.asm
                  BAUDCON   0x000fb8       data     extern E:\c18v3.46\pic18-lt\cxx-framework\src\traditional\proc\p18f4520.asm
                  CCP2CON   0x000fba       data     extern E:\c18v3.46\pic18-lt\cxx-framework\src\traditional\proc\p18f4520.asm
              CCP2CONbits   0x000fba       data     extern E:\c18v3.46\pic18-lt\cxx-framework\src\traditional\proc\p18f4520.asm
                   CCPR2L   0x000fbb       data     extern E:\c18v3.46\pic18-lt\cxx-framework\src\traditional\proc\p18f4520.asm
                    CCPR2   0x000fbb       data     extern E:\c18v3.46\pic18-lt\cxx-framework\src\traditional\proc\p18f4520.asm
                   CCPR2H   0x000fbc       data     extern E:\c18v3.46\pic18-lt\cxx-framework\src\traditional\proc\p18f4520.asm
              CCP1CONbits   0x000fbd       data     extern E:\c18v3.46\pic18-lt\cxx-framework\src\traditional\proc\p18f4520.asm
                  CCP1CON   0x000fbd       data     extern E:\c18v3.46\pic18-lt\cxx-framework\src\traditional\proc\p18f4520.asm
                    CCPR1   0x000fbe       data     extern E:\c18v3.46\pic18-lt\cxx-framework\src\traditional\proc\p18f4520.asm
                   CCPR1L   0x000fbe       data     extern E:\c18v3.46\pic18-lt\cxx-framework\src\traditional\proc\p18f4520.asm
                   CCPR1H   0x000fbf       data     extern E:\c18v3.46\pic18-lt\cxx-framework\src\traditional\proc\p18f4520.asm
                   ADCON2   0x000fc0       data     extern E:\c18v3.46\pic18-lt\cxx-framework\src\traditional\proc\p18f4520.asm
               ADCON2bits   0x000fc0       data     extern E:\c18v3.46\pic18-lt\cxx-framework\src\traditional\proc\p18f4520.asm
               ADCON1bits   0x000fc1       data     extern E:\c18v3.46\pic18-lt\cxx-framework\src\traditional\proc\p18f4520.asm
                   ADCON1   0x000fc1       data     extern E:\c18v3.46\pic18-lt\cxx-framework\src\traditional\proc\p18f4520.asm
                   ADCON0   0x000fc2       data     extern E:\c18v3.46\pic18-lt\cxx-framework\src\traditional\proc\p18f4520.asm
               ADCON0bits   0x000fc2       data     extern E:\c18v3.46\pic18-lt\cxx-framework\src\traditional\proc\p18f4520.asm
                    ADRES   0x000fc3       data     extern E:\c18v3.46\pic18-lt\cxx-framework\src\traditional\proc\p18f4520.asm
                   ADRESL   0x000fc3       data     extern E:\c18v3.46\pic18-lt\cxx-framework\src\traditional\proc\p18f4520.asm
                   ADRESH   0x000fc4       data     extern E:\c18v3.46\pic18-lt\cxx-framework\src\traditional\proc\p18f4520.asm
                  SSPCON2   0x000fc5       data     extern E:\c18v3.46\pic18-lt\cxx-framework\src\traditional\proc\p18f4520.asm
              SSPCON2bits   0x000fc5       data     extern E:\c18v3.46\pic18-lt\cxx-framework\src\traditional\proc\p18f4520.asm
                  SSPCON1   0x000fc6       data     extern E:\c18v3.46\pic18-lt\cxx-framework\src\traditional\proc\p18f4520.asm
              SSPCON1bits   0x000fc6       data     extern E:\c18v3.46\pic18-lt\cxx-framework\src\traditional\proc\p18f4520.asm
                  SSPSTAT   0x000fc7       data     extern E:\c18v3.46\pic18-lt\cxx-framework\src\traditional\proc\p18f4520.asm
              SSPSTATbits   0x000fc7       data     extern E:\c18v3.46\pic18-lt\cxx-framework\src\traditional\proc\p18f4520.asm
                   SSPADD   0x000fc8       data     extern E:\c18v3.46\pic18-lt\cxx-framework\src\traditional\proc\p18f4520.asm
                   SSPBUF   0x000fc9       data     extern E:\c18v3.46\pic18-lt\cxx-framework\src\traditional\proc\p18f4520.asm
                    T2CON   0x000fca       data     extern E:\c18v3.46\pic18-lt\cxx-framework\src\traditional\proc\p18f4520.asm
                T2CONbits   0x000fca       data     extern E:\c18v3.46\pic18-lt\cxx-framework\src\traditional\proc\p18f4520.asm
                      PR2   0x000fcb       data     extern E:\c18v3.46\pic18-lt\cxx-framework\src\traditional\proc\p18f4520.asm
                     TMR2   0x000fcc       data     extern E:\c18v3.46\pic18-lt\cxx-framework\src\traditional\proc\p18f4520.asm
                T1CONbits   0x000fcd       data     extern E:\c18v3.46\pic18-lt\cxx-framework\src\traditional\proc\p18f4520.asm
                    T1CON   0x000fcd       data     extern E:\c18v3.46\pic18-lt\cxx-framework\src\traditional\proc\p18f4520.asm
                    TMR1L   0x000fce       data     extern E:\c18v3.46\pic18-lt\cxx-framework\src\traditional\proc\p18f4520.asm
                    TMR1H   0x000fcf       data     extern E:\c18v3.46\pic18-lt\cxx-framework\src\traditional\proc\p18f4520.asm
                     RCON   0x000fd0       data     extern E:\c18v3.46\pic18-lt\cxx-framework\src\traditional\proc\p18f4520.asm
                 RCONbits   0x000fd0       data     extern E:\c18v3.46\pic18-lt\cxx-framework\src\traditional\proc\p18f4520.asm
               WDTCONbits   0x000fd1       data     extern E:\c18v3.46\pic18-lt\cxx-framework\src\traditional\proc\p18f4520.asm
                   WDTCON   0x000fd1       data     extern E:\c18v3.46\pic18-lt\cxx-framework\src\traditional\proc\p18f4520.asm
               LVDCONbits   0x000fd2       data     extern E:\c18v3.46\pic18-lt\cxx-framework\src\traditional\proc\p18f4520.asm
                   LVDCON   0x000fd2       data     extern E:\c18v3.46\pic18-lt\cxx-framework\src\traditional\proc\p18f4520.asm
              HLVDCONbits   0x000fd2       data     extern E:\c18v3.46\pic18-lt\cxx-framework\src\traditional\proc\p18f4520.asm
                  HLVDCON   0x000fd2       data     extern E:\c18v3.46\pic18-lt\cxx-framework\src\traditional\proc\p18f4520.asm
               OSCCONbits   0x000fd3       data     extern E:\c18v3.46\pic18-lt\cxx-framework\src\traditional\proc\p18f4520.asm
                   OSCCON   0x000fd3       data     extern E:\c18v3.46\pic18-lt\cxx-framework\src\traditional\proc\p18f4520.asm
                    T0CON   0x000fd5       data     extern E:\c18v3.46\pic18-lt\cxx-framework\src\traditional\proc\p18f4520.asm
                T0CONbits   0x000fd5       data     extern E:\c18v3.46\pic18-lt\cxx-framework\src\traditional\proc\p18f4520.asm
                    TMR0L   0x000fd6       data     extern E:\c18v3.46\pic18-lt\cxx-framework\src\traditional\proc\p18f4520.asm
                    TMR0H   0x000fd7       data     extern E:\c18v3.46\pic18-lt\cxx-framework\src\traditional\proc\p18f4520.asm
               STATUSbits   0x000fd8       data     extern E:\c18v3.46\pic18-lt\cxx-framework\src\traditional\proc\p18f4520.asm
                   STATUS   0x000fd8       data     extern E:\c18v3.46\pic18-lt\cxx-framework\src\traditional\proc\p18f4520.asm
                    FSR2L   0x000fd9       data     extern E:\c18v3.46\pic18-lt\cxx-framework\src\traditional\proc\p18f4520.asm
                     FSR2   0x000fd9       data     extern E:\c18v3.46\pic18-lt\cxx-framework\src\traditional\proc\p18f4520.asm
                    FSR2H   0x000fda       data     extern E:\c18v3.46\pic18-lt\cxx-framework\src\traditional\proc\p18f4520.asm
                   PLUSW2   0x000fdb       data     extern E:\c18v3.46\pic18-lt\cxx-framework\src\traditional\proc\p18f4520.asm
                  PREINC2   0x000fdc       data     extern E:\c18v3.46\pic18-lt\cxx-framework\src\traditional\proc\p18f4520.asm
                 POSTDEC2   0x000fdd       data     extern E:\c18v3.46\pic18-lt\cxx-framework\src\traditional\proc\p18f4520.asm
                 POSTINC2   0x000fde       data     extern E:\c18v3.46\pic18-lt\cxx-framework\src\traditional\proc\p18f4520.asm
                    INDF2   0x000fdf       data     extern E:\c18v3.46\pic18-lt\cxx-framework\src\traditional\proc\p18f4520.asm
                      BSR   0x000fe0       data     extern E:\c18v3.46\pic18-lt\cxx-framework\src\traditional\proc\p18f4520.asm
                    FSR1L   0x000fe1       data     extern E:\c18v3.46\pic18-lt\cxx-framework\src\traditional\proc\p18f4520.asm
                     FSR1   0x000fe1       data     extern E:\c18v3.46\pic18-lt\cxx-framework\src\traditional\proc\p18f4520.asm
                    FSR1H   0x000fe2       data     extern E:\c18v3.46\pic18-lt\cxx-framework\src\traditional\proc\p18f4520.asm
                   PLUSW1   0x000fe3       data     extern E:\c18v3.46\pic18-lt\cxx-framework\src\traditional\proc\p18f4520.asm
                  PREINC1   0x000fe4       data     extern E:\c18v3.46\pic18-lt\cxx-framework\src\traditional\proc\p18f4520.asm
                 POSTDEC1   0x000fe5       data     extern E:\c18v3.46\pic18-lt\cxx-framework\src\traditional\proc\p18f4520.asm
                 POSTINC1   0x000fe6       data     extern E:\c18v3.46\pic18-lt\cxx-framework\src\traditional\proc\p18f4520.asm
                    INDF1   0x000fe7       data     extern E:\c18v3.46\pic18-lt\cxx-framework\src\traditional\proc\p18f4520.asm
                        W   0x000fe8       data     extern E:\c18v3.46\pic18-lt\cxx-framework\src\traditional\proc\p18f4520.asm
                     WREG   0x000fe8       data     extern E:\c18v3.46\pic18-lt\cxx-framework\src\traditional\proc\p18f4520.asm
                     FSR0   0x000fe9       data     extern E:\c18v3.46\pic18-lt\cxx-framework\src\traditional\proc\p18f4520.asm
                    FSR0L   0x000fe9       data     extern E:\c18v3.46\pic18-lt\cxx-framework\src\traditional\proc\p18f4520.asm
                    FSR0H   0x000fea       data     extern E:\c18v3.46\pic18-lt\cxx-framework\src\traditional\proc\p18f4520.asm
                   PLUSW0   0x000feb       data     extern E:\c18v3.46\pic18-lt\cxx-framework\src\traditional\proc\p18f4520.asm
                  PREINC0   0x000fec       data     extern E:\c18v3.46\pic18-lt\cxx-framework\src\traditional\proc\p18f4520.asm
                 POSTDEC0   0x000fed       data     extern E:\c18v3.46\pic18-lt\cxx-framework\src\traditional\proc\p18f4520.asm
                 POSTINC0   0x000fee       data     extern E:\c18v3.46\pic18-lt\cxx-framework\src\traditional\proc\p18f4520.asm
                    INDF0   0x000fef       data     extern E:\c18v3.46\pic18-lt\cxx-framework\src\traditional\proc\p18f4520.asm
              INTCON3bits   0x000ff0       data     extern E:\c18v3.46\pic18-lt\cxx-framework\src\traditional\proc\p18f4520.asm
                  INTCON3   0x000ff0       data     extern E:\c18v3.46\pic18-lt\cxx-framework\src\traditional\proc\p18f4520.asm
              INTCON2bits   0x000ff1       data     extern E:\c18v3.46\pic18-lt\cxx-framework\src\traditional\proc\p18f4520.asm
                  INTCON2   0x000ff1       data     extern E:\c18v3.46\pic18-lt\cxx-framework\src\traditional\proc\p18f4520.asm
               INTCONbits   0x000ff2       data     extern E:\c18v3.46\pic18-lt\cxx-framework\src\traditional\proc\p18f4520.asm
                   INTCON   0x000ff2       data     extern E:\c18v3.46\pic18-lt\cxx-framework\src\traditional\proc\p18f4520.asm
                     PROD   0x000ff3       data     extern E:\c18v3.46\pic18-lt\cxx-framework\src\traditional\proc\p18f4520.asm
                    PRODL   0x000ff3       data     extern E:\c18v3.46\pic18-lt\cxx-framework\src\traditional\proc\p18f4520.asm
                    PRODH   0x000ff4       data     extern E:\c18v3.46\pic18-lt\cxx-framework\src\traditional\proc\p18f4520.asm
                   TABLAT   0x000ff5       data     extern E:\c18v3.46\pic18-lt\cxx-framework\src\traditional\proc\p18f4520.asm
                   TBLPTR   0x000ff6       data     extern E:\c18v3.46\pic18-lt\cxx-framework\src\traditional\proc\p18f4520.asm
                  TBLPTRL   0x000ff6       data     extern E:\c18v3.46\pic18-lt\cxx-framework\src\traditional\proc\p18f4520.asm
                  TBLPTRH   0x000ff7       data     extern E:\c18v3.46\pic18-lt\cxx-framework\src\traditional\proc\p18f4520.asm
                  TBLPTRU   0x000ff8       data     extern E:\c18v3.46\pic18-lt\cxx-framework\src\traditional\proc\p18f4520.asm
                      PCL   0x000ff9       data     extern E:\c18v3.46\pic18-lt\cxx-framework\src\traditional\proc\p18f4520.asm
                       PC   0x000ff9       data     extern E:\c18v3.46\pic18-lt\cxx-framework\src\traditional\proc\p18f4520.asm
                   PCLATH   0x000ffa       data     extern E:\c18v3.46\pic18-lt\cxx-framework\src\traditional\proc\p18f4520.asm
                   PCLATU   0x000ffb       data     extern E:\c18v3.46\pic18-lt\cxx-framework\src\traditional\proc\p18f4520.asm
                   STKPTR   0x000ffc       data     extern E:\c18v3.46\pic18-lt\cxx-framework\src\traditional\proc\p18f4520.asm
               STKPTRbits   0x000ffc       data     extern E:\c18v3.46\pic18-lt\cxx-framework\src\traditional\proc\p18f4520.asm
                     TOSL   0x000ffd       data     extern E:\c18v3.46\pic18-lt\cxx-framework\src\traditional\proc\p18f4520.asm
                      TOS   0x000ffd       data     extern E:\c18v3.46\pic18-lt\cxx-framework\src\traditional\proc\p18f4520.asm
                     TOSH   0x000ffe       data     extern E:\c18v3.46\pic18-lt\cxx-framework\src\traditional\proc\p18f4520.asm
                     TOSU   0x000fff       data     extern E:\c18v3.46\pic18-lt\cxx-framework\src\traditional\proc\p18f4520.asm


